Archive member included because of file (symbol)

contiki-z1.a(contiki-z1-plat)
                              obj_z1/contiki-z1-main.o (init_platform)
contiki-z1.a(msp430.o)        obj_z1/contiki-z1-main.o (splhigh_)
contiki-z1.a(leds.o)          obj_z1/contiki-z1-main.o (leds_init)
contiki-z1.a(watchdog.o)      obj_z1/contiki-z1-main.o (watchdog_start)
contiki-z1.a(xmem.o)          obj_z1/contiki-z1-main.o (xmem_init)
contiki-z1.a(spi.o)           contiki-z1.a(xmem.o) (spi_init)
contiki-z1.a(cc2420.o)        obj_z1/contiki-z1-main.o (cc2420_set_pan_addr)
contiki-z1.a(cc2420-arch.o)   contiki-z1.a(cc2420.o) (cc2420_arch_init)
contiki-z1.a(node-id.o)       obj_z1/contiki-z1-main.o (node_id_restore)
contiki-z1.a(sensors.o)       contiki-z1.a(contiki-z1-plat) (sensors_process)
contiki-z1.a(uart0.o)         obj_z1/contiki-z1-main.o (uart0_active)
contiki-z1.a(uart0-putchar.o)
                              obj_z1/contiki-z1-main.o (putchar)
contiki-z1.a(tmp102.o)        sensor_node.co (tmp102_init)
contiki-z1.a(i2cmaster.o)     contiki-z1.a(tmp102.o) (i2c_receiveinit)
contiki-z1.a(adxl345.o)       sensor_node.co (accm_read_axis)
contiki-z1.a(clock.o)         obj_z1/contiki-z1-main.o (clock_init)
contiki-z1.a(leds-arch.o)     contiki-z1.a(leds.o) (leds_arch_init)
contiki-z1.a(rtimer-arch.o)   obj_z1/contiki-z1-main.o (rtimer_arch_now)
contiki-z1.a(autostart.o)     obj_z1/contiki-z1-main.o (autostart_start)
contiki-z1.a(ctimer.o)        obj_z1/contiki-z1-main.o (ctimer_init)
contiki-z1.a(energest.o)      obj_z1/contiki-z1-main.o (energest_init)
contiki-z1.a(etimer.o)        contiki-z1.a(clock.o) (etimer_request_poll)
contiki-z1.a(process.o)       contiki-z1.a(ctimer.o) (process_current)
contiki-z1.a(rtimer.o)        obj_z1/contiki-z1-main.o (rtimer_init)
contiki-z1.a(timer.o)         contiki-z1.a(adxl345.o) (timer_set)
contiki-z1.a(list.o)          contiki-z1.a(ctimer.o) (list_init)
contiki-z1.a(random.o)        obj_z1/contiki-z1-main.o (random_init)
contiki-z1.a(sicslowpan.o)    obj_z1/contiki-z1-main.o (sicslowpan_driver)
contiki-z1.a(uip6.o)          contiki-z1.a(sicslowpan.o) (uip_aligned_buf)
contiki-z1.a(uip-ds6.o)       contiki-z1.a(uip6.o) (uip_ds6_is_addr_onlink)
contiki-z1.a(uip-ds6-nbr.o)   contiki-z1.a(uip-ds6.o) (uip_ds6_neighbors_init)
contiki-z1.a(uip-ds6-route.o)
                              contiki-z1.a(uip-ds6.o) (uip_ds6_route_init)
contiki-z1.a(uip-icmp6.o)     contiki-z1.a(uip6.o) (uip_icmp6_input)
contiki-z1.a(uip-nd6.o)       contiki-z1.a(uip6.o) (uip_nd6_init)
contiki-z1.a(tcpip.o)         contiki-z1.a(sicslowpan.o) (tcpip_set_outputfunc)
contiki-z1.a(uip-debug.o)     contiki-z1.a(uip-ds6-route.o) (uip_debug_ipaddr_print)
contiki-z1.a(rpl.o)           contiki-z1.a(uip-ds6-nbr.o) (rpl_link_neighbor_callback)
contiki-z1.a(rpl-dag.o)       contiki-z1.a(rpl.o) (rpl_dag_init)
contiki-z1.a(rpl-ext-header.)
                              contiki-z1.a(uip6.o) (rpl_verify_hbh_header)
contiki-z1.a(rpl-icmp6.o)     contiki-z1.a(rpl-dag.o) (rpl_icmp6_update_nbr_table)
contiki-z1.a(rpl-mrhof.o)     contiki-z1.a(rpl-dag.o) (rpl_mrhof)
contiki-z1.a(rpl-timers.o)    contiki-z1.a(rpl.o) (rpl_reset_periodic_timer)
contiki-z1.a(linkaddr.o)      obj_z1/contiki-z1-main.o (linkaddr_copy)
contiki-z1.a(nbr-table.o)     contiki-z1.a(uip-ds6-nbr.o) (nbr_table_register)
contiki-z1.a(packetbuf.o)     contiki-z1.a(cc2420.o) (packetbuf_set_datalen)
contiki-z1.a(queuebuf.o)      obj_z1/contiki-z1-main.o (queuebuf_init)
contiki-z1.a(csma.o)          obj_z1/contiki-z1-main.o (csma_driver)
contiki-z1.a(framer-802154.o)
                              contiki-z1.a(sicslowpan.o) (framer_802154)
contiki-z1.a(mac.o)           contiki-z1.a(csma.o) (mac_call_sent_callback)
contiki-z1.a(contikimac.o)    obj_z1/contiki-z1-main.o (contikimac_driver)
contiki-z1.a(nullsec.o)       obj_z1/contiki-z1-main.o (nullsec_driver)
contiki-z1.a(z1-sensors.o)    contiki-z1.a(sensors.o) (sensors_flags)
contiki-z1.a(rpl-nbr-policy.)
                              contiki-z1.a(nbr-table.o) (rpl_nbr_policy_find_removable)
contiki-z1.a(link-stats.o)    contiki-z1.a(rpl-dag.o) (link_stats_from_lladdr)
contiki-z1.a(button-sensor.o)
                              contiki-z1.a(z1-sensors.o) (button_sensor)
contiki-z1.a(stimer.o)        contiki-z1.a(uip-ds6.o) (stimer_set)
contiki-z1.a(memb.o)          contiki-z1.a(uip-ds6-route.o) (memb_init)
contiki-z1.a(frame802154.o)   contiki-z1.a(framer-802154.o) (frame802154_get_pan_id)
contiki-z1.a(mac-sequence.o)  contiki-z1.a(contikimac.o) (mac_sequence_is_duplicate)
/usr/local/msp430/bin/../lib/gcc/msp430/4.7.0/mcpu-430x/mmpy-16/msr20/mc20/libgcc.a(_mulsi3.o)
                              contiki-z1.a(rpl-timers.o) (__mulsi3)
/usr/local/msp430/bin/../lib/gcc/msp430/4.7.0/mcpu-430x/mmpy-16/msr20/mc20/libgcc.a(_udivmod16.o)
                              contiki-z1.a(rpl-dag.o) (__udivhi3)
/usr/local/msp430/bin/../lib/gcc/msp430/4.7.0/mcpu-430x/mmpy-16/msr20/mc20/libgcc.a(_divmod16.o)
[...]
Memory Configuration

Name             Origin             Length             Attributes
sfr              0x00000000         0x00000010
peripheral_8bit  0x00000010         0x000000f0
peripheral_16bit 0x00000100         0x00000100
ram_mirror       0x00000200         0x00000800         xw
infomem          0x00001000         0x00000100
infod            0x00001000         0x00000040
infoc            0x00001040         0x00000040
infob            0x00001080         0x00000040
infoa            0x000010c0         0x00000040
ram              0x00001100         0x00002000         xw
rom              0x00003100         0x0000cebe         xr
vectors          0x0000ffc0         0x00000040
far_rom          0x00010000         0x0000a000
bsl              0x00000000         0x00000000
ram2             0x00000000         0x00000000         xw
usbram           0x00000000         0x00000000         xw
*default*        0x00000000         0xffffffff

Linker script and memory map

LOAD /usr/local/msp430/bin/../lib/gcc/msp430/4.7.0/mcpu-430x/mmpy-16/msr20/mc20/crt0ivtbl32.o
                0x00000041                __P1SEL2 = 0x41
                0x00000045                __P5SEL2 = 0x45
LOAD sensor_node.co
LOAD obj_z1/contiki-z1-main.o
LOAD contiki-z1.a
LOAD /usr/local/msp430/bin/../lib/gcc/msp430/4.7.0/mcpu-430x/mmpy-16/msr20/mc20/libgcc.a
LOAD /usr/local/msp430/bin/../lib/gcc/msp430/4.7.0/../../../../msp430/lib/mcpu-430x/mmpy-16/msr20/mc20/libc.a
LOAD /usr/local/msp430/bin/../lib/gcc/msp430/4.7.0/mcpu-430x/mmpy-16/msr20/mc20/libgcc.a
LOAD /usr/local/msp430/bin/../lib/gcc/msp430/4.7.0/mcpu-430x/mmpy-16/msr20/mc20/libcrt0.a
                0x00000040                PROVIDE (__info_segment_size, 0x40)
                0x00001000                PROVIDE (__infod, 0x1000)
                0x00001040                PROVIDE (__infoc, 0x1040)
                0x00001080                PROVIDE (__infob, 0x1080)
                0x000010c0                PROVIDE (__infoa, 0x10c0)
                0x00000000                __IE1 = 0x0
                0x00000002                __IFG1 = 0x2
                0x00000001                __IE2 = 0x1
                0x00000003                __IFG2 = 0x3
                0x00000006                __UC1IE = 0x6
                0x00000007                __UC1IFG = 0x7
                0x000001a0                __ADC12CTL0 = 0x1a0
                0x000001a2                __ADC12CTL1 = 0x1a2
                0x000001a4                __ADC12IFG = 0x1a4
                0x000001a6                __ADC12IE = 0x1a6
                0x000001a8                __ADC12IV = 0x1a8
                0x00000140                __ADC12MEM0 = 0x140
                0x00000142                __ADC12MEM1 = 0x142
                0x00000144                __ADC12MEM2 = 0x144
                0x00000146                __ADC12MEM3 = 0x146
                0x00000148                __ADC12MEM4 = 0x148
                0x0000014a                __ADC12MEM5 = 0x14a
                0x0000014c                __ADC12MEM6 = 0x14c
                0x0000014e                __ADC12MEM7 = 0x14e
                0x00000150                __ADC12MEM8 = 0x150
                0x00000152                __ADC12MEM9 = 0x152
                0x00000154                __ADC12MEM10 = 0x154
                0x00000156                __ADC12MEM11 = 0x156
                0x00000158                __ADC12MEM12 = 0x158
                0x0000015a                __ADC12MEM13 = 0x15a
                0x0000015c                __ADC12MEM14 = 0x15c
                0x0000015e                __ADC12MEM15 = 0x15e
                0x00000080                __ADC12MCTL0 = 0x80
                0x00000081                __ADC12MCTL1 = 0x81
                0x00000082                __ADC12MCTL2 = 0x82
                0x00000083                __ADC12MCTL3 = 0x83
                0x00000084                __ADC12MCTL4 = 0x84
                0x00000085                __ADC12MCTL5 = 0x85
                0x00000086                __ADC12MCTL6 = 0x86
                0x00000087                __ADC12MCTL7 = 0x87
                0x00000088                __ADC12MCTL8 = 0x88
                0x00000089                __ADC12MCTL9 = 0x89
                0x0000008a                __ADC12MCTL10 = 0x8a
                0x0000008b                __ADC12MCTL11 = 0x8b
                0x0000008c                __ADC12MCTL12 = 0x8c
                0x0000008d                __ADC12MCTL13 = 0x8d
                0x0000008e                __ADC12MCTL14 = 0x8e
                0x0000008f                __ADC12MCTL15 = 0x8f
                0x00000056                __DCOCTL = 0x56
                0x00000057                __BCSCTL1 = 0x57
                0x00000058                __BCSCTL2 = 0x58
                0x00000053                __BCSCTL3 = 0x53
                0x00000059                __CACTL1 = 0x59
                0x0000005a                __CACTL2 = 0x5a
                0x0000005b                __CAPD = 0x5b
                0x000001c0                __DAC12_0CTL = 0x1c0
                0x000001c2                __DAC12_1CTL = 0x1c2
                0x000001c8                __DAC12_0DAT = 0x1c8
                0x000001ca                __DAC12_1DAT = 0x1ca
                0x00000122                __DMACTL0 = 0x122
                0x00000124                __DMACTL1 = 0x124
                0x00000126                __DMAIV = 0x126
                0x000001d0                __DMA0CTL = 0x1d0
                0x000001dc                __DMA1CTL = 0x1dc
                0x000001e8                __DMA2CTL = 0x1e8
                0x000001d2                __DMA0SA = 0x1d2
                0x000001d2                __DMA0SAL = 0x1d2
                0x000001d6                __DMA0DA = 0x1d6
                0x000001d6                __DMA0DAL = 0x1d6
                0x000001da                __DMA0SZ = 0x1da
                0x000001de                __DMA1SA = 0x1de
                0x000001de                __DMA1SAL = 0x1de
                0x000001e2                __DMA1DA = 0x1e2
                0x000001e2                __DMA1DAL = 0x1e2
                0x000001e6                __DMA1SZ = 0x1e6
                0x000001ea                __DMA2SA = 0x1ea
                0x000001ea                __DMA2SAL = 0x1ea
                0x000001ee                __DMA2DA = 0x1ee
                0x000001ee                __DMA2DAL = 0x1ee
                0x000001f2                __DMA2SZ = 0x1f2
                0x00000128                __FCTL1 = 0x128
                0x0000012a                __FCTL2 = 0x12a
                0x0000012c                __FCTL3 = 0x12c
                0x000001be                __FCTL4 = 0x1be
                0x00000130                __MPY = 0x130
                0x00000132                __MPYS = 0x132
                0x00000134                __MAC = 0x134
                0x00000136                __MACS = 0x136
                0x00000138                __OP2 = 0x138
                0x0000013a                __RESLO = 0x13a
                0x0000013c                __RESHI = 0x13c
                0x0000013e                __SUMEXT = 0x13e
                0x00000020                __P1IN = 0x20
                0x00000021                __P1OUT = 0x21
                0x00000022                __P1DIR = 0x22
                0x00000023                __P1IFG = 0x23
                0x00000024                __P1IES = 0x24
                0x00000025                __P1IE = 0x25
                0x00000026                __P1SEL = 0x26
                0x00000027                __P1REN = 0x27
                0x00000028                __P2IN = 0x28
                0x00000029                __P2OUT = 0x29
                0x0000002a                __P2DIR = 0x2a
                0x0000002b                __P2IFG = 0x2b
                0x0000002c                __P2IES = 0x2c
                0x0000002d                __P2IE = 0x2d
                0x0000002e                __P2SEL = 0x2e
                0x0000002f                __P2REN = 0x2f
                0x00000018                __P3IN = 0x18
                0x00000019                __P3OUT = 0x19
                0x0000001a                __P3DIR = 0x1a
                0x0000001b                __P3SEL = 0x1b
                0x00000010                __P3REN = 0x10
                0x0000001c                __P4IN = 0x1c
                0x0000001d                __P4OUT = 0x1d
                0x0000001e                __P4DIR = 0x1e
                0x0000001f                __P4SEL = 0x1f
                0x00000011                __P4REN = 0x11
                0x00000030                __P5IN = 0x30
                0x00000031                __P5OUT = 0x31
                0x00000032                __P5DIR = 0x32
                0x00000033                __P5SEL = 0x33
                0x00000012                __P5REN = 0x12
                0x00000034                __P6IN = 0x34
                0x00000035                __P6OUT = 0x35
                0x00000036                __P6DIR = 0x36
                0x00000037                __P6SEL = 0x37
                0x00000013                __P6REN = 0x13
                0x00000038                __P7IN = 0x38
                0x0000003a                __P7OUT = 0x3a
                0x0000003c                __P7DIR = 0x3c
                0x0000003e                __P7SEL = 0x3e
                0x00000014                __P7REN = 0x14
                0x00000039                __P8IN = 0x39
                0x0000003b                __P8OUT = 0x3b
                0x0000003d                __P8DIR = 0x3d
                0x0000003f                __P8SEL = 0x3f
                0x00000015                __P8REN = 0x15
                0x00000038                __PAIN = 0x38
                0x0000003a                __PAOUT = 0x3a
                0x0000003c                __PADIR = 0x3c
                0x0000003e                __PASEL = 0x3e
                0x00000014                __PAREN = 0x14
                0x00000055                __SVSCTL = 0x55
                0x0000012e                __TAIV = 0x12e
                0x00000160                __TACTL = 0x160
                0x00000162                __TACCTL0 = 0x162
                0x00000164                __TACCTL1 = 0x164
                0x00000166                __TACCTL2 = 0x166
                0x00000170                __TAR = 0x170
                0x00000172                __TACCR0 = 0x172
                0x00000174                __TACCR1 = 0x174
                0x00000176                __TACCR2 = 0x176
                0x0000011e                __TBIV = 0x11e
                0x00000180                __TBCTL = 0x180
                0x00000182                __TBCCTL0 = 0x182
                0x00000184                __TBCCTL1 = 0x184
                0x00000186                __TBCCTL2 = 0x186
                0x00000188                __TBCCTL3 = 0x188
                0x0000018a                __TBCCTL4 = 0x18a
                0x0000018c                __TBCCTL5 = 0x18c
                0x0000018e                __TBCCTL6 = 0x18e
                0x00000190                __TBR = 0x190
                0x00000192                __TBCCR0 = 0x192
                0x00000194                __TBCCR1 = 0x194
                0x00000196                __TBCCR2 = 0x196
                0x00000198                __TBCCR3 = 0x198
                0x0000019a                __TBCCR4 = 0x19a
                0x0000019c                __TBCCR5 = 0x19c
                0x0000019e                __TBCCR6 = 0x19e
                0x00000060                __UCA0CTL0 = 0x60
                0x00000061                __UCA0CTL1 = 0x61
                0x00000062                __UCA0BR0 = 0x62
                0x00000063                __UCA0BR1 = 0x63
                0x00000064                __UCA0MCTL = 0x64
                0x00000065                __UCA0STAT = 0x65
                0x00000066                __UCA0RXBUF = 0x66
                0x00000067                __UCA0TXBUF = 0x67
                0x0000005d                __UCA0ABCTL = 0x5d
                0x0000005e                __UCA0IRTCTL = 0x5e
                0x0000005f                __UCA0IRRCTL = 0x5f
                0x00000068                __UCB0CTL0 = 0x68
                0x00000069                __UCB0CTL1 = 0x69
                0x0000006a                __UCB0BR0 = 0x6a
                0x0000006b                __UCB0BR1 = 0x6b
                0x0000006c                __UCB0I2CIE = 0x6c
                0x0000006d                __UCB0STAT = 0x6d
                0x0000006e                __UCB0RXBUF = 0x6e
                0x0000006f                __UCB0TXBUF = 0x6f
                0x00000118                __UCB0I2COA = 0x118
                0x0000011a                __UCB0I2CSA = 0x11a
                0x000000d0                __UCA1CTL0 = 0xd0
                0x000000d1                __UCA1CTL1 = 0xd1
                0x000000d2                __UCA1BR0 = 0xd2
                0x000000d3                __UCA1BR1 = 0xd3
                0x000000d4                __UCA1MCTL = 0xd4
                0x000000d5                __UCA1STAT = 0xd5
                0x000000d6                __UCA1RXBUF = 0xd6
                0x000000d7                __UCA1TXBUF = 0xd7
                0x000000cd                __UCA1ABCTL = 0xcd
                0x000000ce                __UCA1IRTCTL = 0xce
                0x000000cf                __UCA1IRRCTL = 0xcf
                0x000000d8                __UCB1CTL0 = 0xd8
                0x000000d9                __UCB1CTL1 = 0xd9
                0x000000da                __UCB1BR0 = 0xda
                0x000000db                __UCB1BR1 = 0xdb
                0x000000dc                __UCB1I2CIE = 0xdc
                0x000000dd                __UCB1STAT = 0xdd
                0x000000de                __UCB1RXBUF = 0xde
                0x000000df                __UCB1TXBUF = 0xdf
                0x0000017c                __UCB1I2COA = 0x17c
                0x0000017e                __UCB1I2CSA = 0x17e
                0x00000120                __WDTCTL = 0x120
                0x000010c0                __TLV_CHECKSUM = 0x10c0
                0x000010f6                __TLV_DCO_30_TAG = 0x10f6
                0x000010f7                __TLV_DCO_30_LEN = 0x10f7
                0x000010da                __TLV_ADC12_1_TAG = 0x10da
                0x000010db                __TLV_ADC12_1_LEN = 0x10db
                0x000010f8                __CALDCO_16MHZ = 0x10f8
                0x000010f9                __CALBC1_16MHZ = 0x10f9
                0x000010fa                __CALDCO_12MHZ = 0x10fa
                0x000010fb                __CALBC1_12MHZ = 0x10fb
                0x000010fc                __CALDCO_8MHZ = 0x10fc
                0x000010fd                __CALBC1_8MHZ = 0x10fd
                0x000010fe                __CALDCO_1MHZ = 0x10fe
                0x000010ff                __CALBC1_1MHZ = 0x10ff

.hash
 *(.hash)

.dynsym
 *(.dynsym)

.dynstr
 *(.dynstr)

.gnu.version
 *(.gnu.version)

.gnu.version_d
 *(.gnu.version_d)

.gnu.version_r
 *(.gnu.version_r)

.rel.init
 *(.rel.init)

.rela.init
 *(.rela.init)

.rel.fini
 *(.rel.fini)

.rela.fini
 *(.rela.fini)

.rel.text
 *(.rel.text .rel.text.* .rel.gnu.linkonce.t.*)

.rela.text
 *(.rela.text .rela.text.* .rela.gnu.linkonce.t.*)

.rel.rodata
 *(.rel.rodata .rel.rodata.* .rel.gnu.linkonce.r.*)

.rela.rodata
 *(.rela.rodata .rela.rodata.* .rela.gnu.linkonce.r.*)

.rel.data
 *(.rel.data .rel.data.* .rel.gnu.linkonce.d.*)

.rela.data
 *(.rela.data .rela.data.* .rela.gnu.linkonce.d.*)

.rel.bss
 *(.rel.bss .rel.bss.* .rel.gnu.linkonce.b.*)

.rela.bss
 *(.rela.bss .rela.bss.* .rela.gnu.linkonce.b.*)

.rel.ctors
 *(.rel.ctors)

.rela.ctors
 *(.rela.ctors)

.rel.dtors
 *(.rel.dtors)

.rela.dtors
 *(.rela.dtors)

.rel.got
 *(.rel.got)

.rela.got
 *(.rela.got)

.rel.plt
 *(.rel.plt)

.rela.plt
 *(.rela.plt)

.text           0x00003100     0xb986
                0x00003100                . = ALIGN (0x2)
 *(.init .init.*)
 *(.init0)
 .init0         0x00003100        0x0 /usr/local/msp430/bin/../lib/gcc/msp430/4.7.0/mcpu-430x/mmpy-16/msr20/mc20/libcrt0.a(_reset_vector__.o)
                0x00003100                _reset_vector__
 *(.init1)
 .init1         0x00003100        0xc /usr/local/msp430/bin/../lib/gcc/msp430/4.7.0/mcpu-430x/mmpy-16/msr20/mc20/libcrt0.a(__watchdog_support.o)
                0x00003100                __watchdog_support
 *(.init2)
 .init2         0x0000310c        0x4 /usr/local/msp430/bin/../lib/gcc/msp430/4.7.0/mcpu-430x/mmpy-16/msr20/mc20/libcrt0.a(__init_stack.o)
                0x0000310c                __init_stack
 *(.init3)
 .init3         0x00003110        0x0 /usr/local/msp430/bin/../lib/gcc/msp430/4.7.0/mcpu-430x/mmpy-16/msr20/mc20/libcrt0.a(__low_level_init.o)
                0x00003110                __low_level_init
 *(.init4)
 .init4         0x00003110       0x18 /usr/local/msp430/bin/../lib/gcc/msp430/4.7.0/mcpu-430x/mmpy-16/msr20/mc20/libcrt0.a(_copy_data.o)
                0x00003110                __do_copy_data
 .init4         0x00003128       0x16 /usr/local/msp430/bin/../lib/gcc/msp430/4.7.0/mcpu-430x/mmpy-16/msr20/mc20/libcrt0.a(_clear_bss.o)
                0x00003128                __do_clear_bss
 *(.init5)
 *(.init6)
 *(.init7)
 *(.init8)
 *(.init9)
 .init9         0x0000313e      0x350 obj_z1/contiki-z1-main.o
                0x0000313e                main
 *(.fini9)
 .fini9         0x0000348e        0x0 /usr/local/msp430/bin/../lib/gcc/msp430/4.7.0/mcpu-430x/mmpy-16/msr20/mc20/libcrt0.a(__stop_progExec__.o)
                0x0000348e                __stop_progExec__
 *(.fini8)
 *(.fini7)
 *(.fini6)
 *(.fini5)
 *(.fini4)
 *(.fini3)
 *(.fini2)
 *(.fini1)
 *(.fini0)
 .fini0         0x0000348e        0x6 /usr/local/msp430/bin/../lib/gcc/msp430/4.7.0/mcpu-430x/mmpy-16/msr20/mc20/libcrt0.a(_endless_loop__.o)
                0x0000348e                _endless_loop__
 *(.fini .fini.*)
                0x00003494                . = ALIGN (0x2)
                0x00003494                __ctors_start = .
 *(.ctors)
                0x00003494                __ctors_end = .
                0x00003494                __dtors_start = .
 *(.dtors)
                0x00003494                __dtors_end = .
                0x00003494                . = ALIGN (0x2)
 *(.text .text.* .gnu.linkonce.t.*)
 .text          0x00003494        0x4 /usr/local/msp430/bin/../lib/gcc/msp430/4.7.0/mcpu-430x/mmpy-16/msr20/mc20/crt0ivtbl32.o
                0x00003494                __isr_14
                0x00003494                __isr_4
                0x00003494                __isr_29
                0x00003494                __isr_11
                0x00003494                __isr_5
                0x00003494                __isr_2
                0x00003494                __isr_10
                0x00003494                __isr_7
                0x00003494                __isr_0
                0x00003494                __isr_28
                0x00003494                __isr_8
                0x00003494                __isr_20
                0x00003494                __isr_3
                0x00003494                __isr_12
                0x00003494                __isr_13
                0x00003494                __isr_27
                0x00003494                __isr_9
                0x00003494                __isr_30
                0x00003494                __isr_6
                0x00003494                __isr_22
                0x00003494                __isr_1
                0x00003494                __isr_15
                0x00003494                __isr_21
 .text.libgcc   0x00003498       0x26 /usr/local/msp430/bin/../lib/gcc/msp430/4.7.0/mcpu-430x/mmpy-16/msr20/mc20/libgcc.a(_mulsi3.o)
                0x00003498                __mulsi3
 .text.libgcc   0x000034be       0x22 /usr/local/msp430/bin/../lib/gcc/msp430/4.7.0/mcpu-430x/mmpy-16/msr20/mc20/libgcc.a(_udivmod16.o)
                0x000034be                __udivhi3
                0x000034be                __ext_udivmod16
                0x000034d8                __umodhi3
 .text.libgcc   0x000034e0       0x3a /usr/local/msp430/bin/../lib/gcc/msp430/4.7.0/mcpu-430x/mmpy-16/msr20/mc20/libgcc.a(_divmod16.o)
                0x000034e0                __ext_divmod16
                0x000034e0                __divhi3
                0x00003512                __modhi3
 .text.libgcc   0x0000351a       0x38 /usr/local/msp430/bin/../lib/gcc/msp430/4.7.0/mcpu-430x/mmpy-16/msr20/mc20/libgcc.a(_udivmod32.o)
                0x0000351a                __udivsi3
                0x0000351a                __ext_udivmod32
                0x00003548                __umodsi3
 .text.libgcc   0x00003552       0x4c /usr/local/msp430/bin/../lib/gcc/msp430/4.7.0/mcpu-430x/mmpy-16/msr20/mc20/libgcc.a(_divmod32.o)
                0x00003552                __ext_divmod32
                0x00003552                __divsi3
                0x00003594                __modsi3
 .text          0x0000359e       0x3c /usr/local/msp430/bin/../lib/gcc/msp430/4.7.0/mcpu-430x/mmpy-16/msr20/mc20/libgcc.a(_fixunssfsi.o)
                0x0000359e                __fixunssfsi
 .text          0x000035da      0x2f0 /usr/local/msp430/bin/../lib/gcc/msp430/4.7.0/mcpu-430x/mmpy-16/msr20/mc20/libgcc.a(_addsub_sf.o)
                0x0000382e                __addsf3
                0x0000387a                __subsf3
 .text          0x000038ca       0x4e /usr/local/msp430/bin/../lib/gcc/msp430/4.7.0/mcpu-430x/mmpy-16/msr20/mc20/libgcc.a(_ge_sf.o)
                0x000038ca                __gesf2
 .text          0x00003918       0x8c /usr/local/msp430/bin/../lib/gcc/msp430/4.7.0/mcpu-430x/mmpy-16/msr20/mc20/libgcc.a(_sf_to_si.o)
                0x00003918                __fixsfsi
 .text          0x000039a4      0x1c8 /usr/local/msp430/bin/../lib/gcc/msp430/4.7.0/mcpu-430x/mmpy-16/msr20/mc20/libgcc.a(_pack_sf.o)
                0x000039a4                __pack_f
 .text          0x00003b6c      0x10c /usr/local/msp430/bin/../lib/gcc/msp430/4.7.0/mcpu-430x/mmpy-16/msr20/mc20/libgcc.a(_unpack_sf.o)
                0x00003b6c                __unpack_f
 .text          0x00003c78       0xa4 /usr/local/msp430/bin/../lib/gcc/msp430/4.7.0/mcpu-430x/mmpy-16/msr20/mc20/libgcc.a(_fpcmp_parts_sf.o)
                0x00003c78                __fpcmp_parts_f
 .text.atoi     0x00003d1c       0x82 /usr/local/msp430/bin/../lib/gcc/msp430/4.7.0/../../../../msp430/lib/mcpu-430x/mmpy-16/msr20/mc20/libc.a(atoi.o)
                0x00003d1c                atoi
 .text.printf   0x00003d9e       0x10 /usr/local/msp430/bin/../lib/gcc/msp430/4.7.0/../../../../msp430/lib/mcpu-430x/mmpy-16/msr20/mc20/libc.a(printf.o)
                0x00003d9e                printf
 .text.append   0x00003dae       0x22 /usr/local/msp430/bin/../lib/gcc/msp430/4.7.0/../../../../msp430/lib/mcpu-430x/mmpy-16/msr20/mc20/libc.a(sprintf.o)
 .text.call_vuprintf
                0x00003dd0       0x36 /usr/local/msp430/bin/../lib/gcc/msp430/4.7.0/../../../../msp430/lib/mcpu-430x/mmpy-16/msr20/mc20/libc.a(sprintf.o)
 .text.sprintf  0x00003e06       0x1a /usr/local/msp430/bin/../lib/gcc/msp430/4.7.0/../../../../msp430/lib/mcpu-430x/mmpy-16/msr20/mc20/libc.a(sprintf.o)
                0x00003e06                sprintf
 .text.snprintf
                0x00003e20       0x1c /usr/local/msp430/bin/../lib/gcc/msp430/4.7.0/../../../../msp430/lib/mcpu-430x/mmpy-16/msr20/mc20/libc.a(sprintf.o)
                0x00003e20                snprintf
 .text.print_field
                0x00003e3c      0x176 /usr/local/msp430/bin/../lib/gcc/msp430/4.7.0/../../../../msp430/lib/mcpu-430x/mmpy-16/msr20/mc20/libc.a(vuprintf.o)
 .text.vuprintf
                0x00003fb2      0x74c /usr/local/msp430/bin/../lib/gcc/msp430/4.7.0/../../../../msp430/lib/mcpu-430x/mmpy-16/msr20/mc20/libc.a(vuprintf.o)
                0x00003fb2                vuprintf
 .text.puts     0x000046fe       0x2c /usr/local/msp430/bin/../lib/gcc/msp430/4.7.0/../../../../msp430/lib/mcpu-430x/mmpy-16/msr20/mc20/libc.a(puts.o)
                0x000046fe                puts
 .text.rand     0x0000472a       0x26 /usr/local/msp430/bin/../lib/gcc/msp430/4.7.0/../../../../msp430/lib/mcpu-430x/mmpy-16/msr20/mc20/libc.a(rand.o)
                0x0000472a                rand
 .text.srand    0x00004750        0xa /usr/local/msp430/bin/../lib/gcc/msp430/4.7.0/../../../../msp430/lib/mcpu-430x/mmpy-16/msr20/mc20/libc.a(rand.o)
                0x00004750                srand
 .text.memcmp   0x0000475a       0x2c /usr/local/msp430/bin/../lib/gcc/msp430/4.7.0/../../../../msp430/lib/mcpu-430x/mmpy-16/msr20/mc20/libc.a(memcmp.o)
                0x0000475a                memcmp
 .text.memcpy   0x00004786       0xe8 /usr/local/msp430/bin/../lib/gcc/msp430/4.7.0/../../../../msp430/lib/mcpu-430x/mmpy-16/msr20/mc20/libc.a(memcpy.o)
                0x00004786                memcpy
 .text.memmove  0x0000486e       0xe8 /usr/local/msp430/bin/../lib/gcc/msp430/4.7.0/../../../../msp430/lib/mcpu-430x/mmpy-16/msr20/mc20/libc.a(memmove.o)
                0x0000486e                memmove
 .text.memset   0x00004956       0x5c /usr/local/msp430/bin/../lib/gcc/msp430/4.7.0/../../../../msp430/lib/mcpu-430x/mmpy-16/msr20/mc20/libc.a(memset.o)
                0x00004956                memset
 .text.libgcc   0x000049b2       0xbc /usr/local/msp430/bin/../lib/gcc/msp430/4.7.0/mcpu-430x/mmpy-16/msr20/mc20/libgcc.a(_udivmod64.o)
                0x000049b2                __xabi_udivmod64
                0x00004a04                __udivdi3
                0x00004a1e                __umoddi3
                0x00004a40                __udivmoddi4
 .text.crt0     0x00004a6e        0x2 /usr/local/msp430/bin/../lib/gcc/msp430/4.7.0/mcpu-430x/mmpy-16/msr20/mc20/libcrt0.a(_unexpected_.o)
                0x00004a6e                _unexpected_
 *(.near.text .near.text.*)
 .near.text.watchdog_interrupt
                0x00004a70        0x6 contiki-z1.a(watchdog.o)
                0x00004a70                __isr_26
                0x00004a70                watchdog_interrupt
 .near.text.uart0_rx_interrupt
                0x00004a76       0x64 contiki-z1.a(uart0.o)
                0x00004a76                __isr_23
                0x00004a76                uart0_rx_interrupt
 .near.text.i2c_tx_interrupt
                0x00004ada       0x84 contiki-z1.a(i2cmaster.o)
                0x00004ada                __isr_16
                0x00004ada                i2c_tx_interrupt
 .near.text.i2c_rx_interrupt
                0x00004b5e       0x14 contiki-z1.a(i2cmaster.o)
                0x00004b5e                i2c_rx_interrupt
                0x00004b5e                __isr_17
 .near.text.port1_isr
                0x00004b72       0xbe contiki-z1.a(adxl345.o)
                0x00004b72                port1_isr
                0x00004b72                __isr_18
 .near.text.timera1
                0x00004c30      0x10a contiki-z1.a(clock.o)
                0x00004c30                __isr_24
                0x00004c30                timera1
 .near.text.timera0
                0x00004d3a       0x5c contiki-z1.a(rtimer-arch.o)
                0x00004d3a                __isr_25
                0x00004d3a                timera0
 .near.text.irq_p2
                0x00004d96       0x76 contiki-z1.a(button-sensor.o)
                0x00004d96                irq_p2
                0x00004d96                __isr_19
 .any.text.routing_sent_runicast
                0x00004e0c        0x2 sensor_node.co
 .any.text.routing_recv_broadcast
                0x00004e0e       0x4a sensor_node.co
 .any.text.options_sent_runicast
                0x00004e58       0x1a sensor_node.co
 .any.text.data_timedout_runicast
                0x00004e72       0x2a sensor_node.co
 .any.text.data_sent_runicast
                0x00004e9c       0x1a sensor_node.co
 .any.text.send_packet
                0x00004eb6       0x6c sensor_node.co
 .any.text.process_thread_sensor_node_process
                0x00004f22      0x24c sensor_node.co
 .any.text.options_recv_runicast
                0x0000516e       0x64 sensor_node.co
 .any.text.data_recv_runicast
                0x000051d2       0x50 sensor_node.co
 .any.text.check_children.isra.0
                0x00005222       0x28 sensor_node.co
 .any.text.routing_recv_runicast
                0x0000524a       0x96 sensor_node.co
 .any.text.delete_child
                0x000052e0       0x42 sensor_node.co
                0x000052e0                delete_child
 .any.text.options_timedout_runicast
                0x00005322       0x3e sensor_node.co
 .any.text.routing_timedout_runicast
                0x00005360       0x46 sensor_node.co
 .any.text.init_platform
                0x000053a6        0xc contiki-z1.a(contiki-z1-plat)
                0x000053a6                init_platform
 .any.text.msp430_init_dco
                0x000053b2       0x28 contiki-z1.a(msp430.o)
                0x000053b2                msp430_init_dco
 .any.text.splhigh_
                0x000053da        0x8 contiki-z1.a(msp430.o)
                0x000053da                splhigh_
 .any.text.msp430_sync_dco
                0x000053e2       0x6e contiki-z1.a(msp430.o)
                0x000053e2                msp430_sync_dco
 .any.text.msp430_cpu_init
                0x00005450       0x2e contiki-z1.a(msp430.o)
                0x00005450                msp430_cpu_init
 .any.text.show_leds
                0x0000547e       0xe8 contiki-z1.a(leds.o)
 .any.text.leds_init
                0x00005566        0xa contiki-z1.a(leds.o)
                0x00005566                leds_init
 .any.text.leds_on
                0x00005570        0xa contiki-z1.a(leds.o)
                0x00005570                leds_on
 .any.text.leds_off
                0x0000557a        0xe contiki-z1.a(leds.o)
                0x0000557a                leds_off
 .any.text.watchdog_start
                0x00005588       0x14 contiki-z1.a(watchdog.o)
                0x00005588                watchdog_start
 .any.text.watchdog_periodic
                0x0000559c       0x12 contiki-z1.a(watchdog.o)
                0x0000559c                watchdog_periodic
 .any.text.watchdog_stop
                0x000055ae       0x16 contiki-z1.a(watchdog.o)
                0x000055ae                watchdog_stop
 .any.text.watchdog_init
                0x000055c4       0x12 contiki-z1.a(watchdog.o)
                0x000055c4                watchdog_init
 .any.text.wait_ready
                0x000055d6       0x46 contiki-z1.a(xmem.o)
 .any.text.xmem_init
                0x0000561c       0x1e contiki-z1.a(xmem.o)
                0x0000561c                xmem_init
 .any.text.xmem_pread
                0x0000563a       0xc2 contiki-z1.a(xmem.o)
                0x0000563a                xmem_pread
 .any.text.spi_init
                0x000056fc       0x32 contiki-z1.a(spi.o)
                0x000056fc                spi_init
 .any.text.get_object
                0x0000572e        0x4 contiki-z1.a(cc2420.o)
 .any.text.set_object
                0x00005732        0x4 contiki-z1.a(cc2420.o)
 .any.text.strobe
                0x00005736       0x1a contiki-z1.a(cc2420.o)
 .any.text.getreg
                0x00005750       0x46 contiki-z1.a(cc2420.o)
 .any.text.setreg
                0x00005796       0x44 contiki-z1.a(cc2420.o)
 .any.text.write_ram
                0x000057da       0x72 contiki-z1.a(cc2420.o)
 .any.text.write_fifo_buf
                0x0000584c       0x38 contiki-z1.a(cc2420.o)
 .any.text.get_status
                0x00005884       0x1e contiki-z1.a(cc2420.o)
 .any.text.set_txpower
                0x000058a2       0x24 contiki-z1.a(cc2420.o)
 .any.text.cc2420_receiving_packet
                0x000058c6        0xa contiki-z1.a(cc2420.o)
 .any.text.pending_packet
                0x000058d0        0xa contiki-z1.a(cc2420.o)
 .any.text.on   0x000058da       0x26 contiki-z1.a(cc2420.o)
 .any.text.wait_for_transmission
                0x00005900       0x22 contiki-z1.a(cc2420.o)
 .any.text.wait_for_status
                0x00005922       0x24 contiki-z1.a(cc2420.o)
 .any.text.getrxdata
                0x00005946       0x4c contiki-z1.a(cc2420.o)
 .any.text.flushrx
                0x00005992       0x1a contiki-z1.a(cc2420.o)
 .any.text.off  0x000059ac       0x5a contiki-z1.a(cc2420.o)
 .any.text.RELEASE_LOCK
                0x00005a06       0x28 contiki-z1.a(cc2420.o)
 .any.text.set_frame_filtering
                0x00005a2e       0x30 contiki-z1.a(cc2420.o)
 .any.text.set_auto_ack
                0x00005a5e       0x30 contiki-z1.a(cc2420.o)
 .any.text.set_poll_mode
                0x00005a8e       0x2c contiki-z1.a(cc2420.o)
 .any.text.cc2420_prepare
                0x00005aba       0x38 contiki-z1.a(cc2420.o)
 .any.text.cc2420_on
                0x00005af2       0x22 contiki-z1.a(cc2420.o)
                0x00005af2                cc2420_on
 .any.text.cc2420_off
                0x00005b14       0x30 contiki-z1.a(cc2420.o)
                0x00005b14                cc2420_off
 .any.text.cc2420_cca
                0x00005b44       0x54 contiki-z1.a(cc2420.o)
 .any.text.cc2420_read
                0x00005b98       0xb8 contiki-z1.a(cc2420.o)
 .any.text.process_thread_cc2420_process
                0x00005c50       0x5c contiki-z1.a(cc2420.o)
 .any.text.cc2420_set_channel
                0x00005cac       0x3a contiki-z1.a(cc2420.o)
                0x00005cac                cc2420_set_channel
 .any.text.cc2420_set_pan_addr
                0x00005ce6       0x4c contiki-z1.a(cc2420.o)
                0x00005ce6                cc2420_set_pan_addr
 .any.text.cc2420_interrupt
                0x00005d32       0x16 contiki-z1.a(cc2420.o)
                0x00005d32                cc2420_interrupt
 .any.text.cc2420_set_txpower
                0x00005d48        0xe contiki-z1.a(cc2420.o)
                0x00005d48                cc2420_set_txpower
 .any.text.cc2420_get_txpower
                0x00005d56       0x1e contiki-z1.a(cc2420.o)
                0x00005d56                cc2420_get_txpower
 .any.text.cc2420_transmit
                0x00005d74      0x10e contiki-z1.a(cc2420.o)
 .any.text.cc2420_send
                0x00005e82       0x12 contiki-z1.a(cc2420.o)
 .any.text.cc2420_rssi
                0x00005e94       0x48 contiki-z1.a(cc2420.o)
                0x00005e94                cc2420_rssi
 .any.text.get_value
                0x00005edc      0x104 contiki-z1.a(cc2420.o)
 .any.text.cc2420_set_cca_threshold
                0x00005fe0       0x16 contiki-z1.a(cc2420.o)
                0x00005fe0                cc2420_set_cca_threshold
 .any.text.set_value
                0x00005ff6       0xb2 contiki-z1.a(cc2420.o)
 .any.text.cc2420_init
                0x000060a8       0xea contiki-z1.a(cc2420.o)
                0x000060a8                cc2420_init
 .any.text.cc2420_arch_init
                0x00006192       0x1a contiki-z1.a(cc2420-arch.o)
                0x00006192                cc2420_arch_init
 .any.text.node_id_restore
                0x000061ac       0x4c contiki-z1.a(node-id.o)
                0x000061ac                node_id_restore
 .any.text.process_thread_sensors_process
                0x000061f8       0xc2 contiki-z1.a(sensors.o)
 .any.text.sensors_changed
                0x000062ba       0x2a contiki-z1.a(sensors.o)
                0x000062ba                sensors_changed
 .any.text.uart0_active
                0x000062e4        0xe contiki-z1.a(uart0.o)
                0x000062e4                uart0_active
 .any.text.uart0_writeb
                0x000062f2       0x16 contiki-z1.a(uart0.o)
                0x000062f2                uart0_writeb
 .any.text.uart0_init
                0x00006308       0x4e contiki-z1.a(uart0.o)
                0x00006308                uart0_init
 .any.text.putchar
                0x00006356       0x10 contiki-z1.a(uart0-putchar.o)
                0x00006356                putchar
 .any.text.status
                0x00006366       0x12 contiki-z1.a(tmp102.o)
 .any.text.tmp102_init
                0x00006378       0x24 contiki-z1.a(tmp102.o)
                0x00006378                tmp102_init
 .any.text.tmp102_stop
                0x0000639c        0xa contiki-z1.a(tmp102.o)
                0x0000639c                tmp102_stop
 .any.text.configure
                0x000063a6       0x26 contiki-z1.a(tmp102.o)
 .any.text.tmp102_read_reg
                0x000063cc       0x5e contiki-z1.a(tmp102.o)
                0x000063cc                tmp102_read_reg
 .any.text.tmp102_read_temp_x100
                0x0000642a       0x58 contiki-z1.a(tmp102.o)
                0x0000642a                tmp102_read_temp_x100
 .any.text.value
                0x00006482        0x6 contiki-z1.a(tmp102.o)
 .any.text.tmp102_read_temp_simple
                0x00006488        0xe contiki-z1.a(tmp102.o)
                0x00006488                tmp102_read_temp_simple
 .any.text.i2c_receiveinit
                0x00006496       0x36 contiki-z1.a(i2cmaster.o)
                0x00006496                i2c_receiveinit
 .any.text.i2c_transmitinit
                0x000064cc       0x30 contiki-z1.a(i2cmaster.o)
                0x000064cc                i2c_transmitinit
 .any.text.i2c_receive_n
                0x000064fc       0x3e contiki-z1.a(i2cmaster.o)
                0x000064fc                i2c_receive_n
 .any.text.i2c_busy
                0x0000653a        0xa contiki-z1.a(i2cmaster.o)
                0x0000653a                i2c_busy
 .any.text.i2c_enable
                0x00006544       0x22 contiki-z1.a(i2cmaster.o)
                0x00006544                i2c_enable
 .any.text.i2c_transmit_n
                0x00006566       0x14 contiki-z1.a(i2cmaster.o)
                0x00006566                i2c_transmit_n
 .any.text.status
                0x0000657a       0x12 contiki-z1.a(adxl345.o)
 .any.text.accm_write_reg
                0x0000658c       0x2e contiki-z1.a(adxl345.o)
 .any.text.accm_write_stream
                0x000065ba       0x2a contiki-z1.a(adxl345.o)
 .any.text.accm_read_reg
                0x000065e4       0x54 contiki-z1.a(adxl345.o)
 .any.text.process_thread_accmeter_process
                0x00006638       0x56 contiki-z1.a(adxl345.o)
 .any.text.accm_read_axis.part.0
                0x0000668e       0x5a contiki-z1.a(adxl345.o)
 .any.text.value
                0x000066e8       0x1e contiki-z1.a(adxl345.o)
 .any.text.accm_read_axis
                0x00006706       0x10 contiki-z1.a(adxl345.o)
                0x00006706                accm_read_axis
 .any.text.accm_init
                0x00006716       0x78 contiki-z1.a(adxl345.o)
                0x00006716                accm_init
 .any.text.accm_stop
                0x0000678e       0x32 contiki-z1.a(adxl345.o)
                0x0000678e                accm_stop
 .any.text.configure
                0x000067c0       0x26 contiki-z1.a(adxl345.o)
 .any.text.clock_time
                0x000067e6       0x1a contiki-z1.a(clock.o)
                0x000067e6                clock_time
 .any.text.clock_init
                0x00006800       0x28 contiki-z1.a(clock.o)
                0x00006800                clock_init
 .any.text.clock_delay
                0x00006828        0xc contiki-z1.a(clock.o)
                0x00006828                clock_delay
 .any.text.clock_wait
                0x00006834       0x24 contiki-z1.a(clock.o)
                0x00006834                clock_wait
 .any.text.clock_seconds
                0x00006858       0x1a contiki-z1.a(clock.o)
                0x00006858                clock_seconds
 .any.text.leds_arch_init
                0x00006872        0xe contiki-z1.a(leds-arch.o)
                0x00006872                leds_arch_init
 .any.text.leds_arch_set
                0x00006880       0x38 contiki-z1.a(leds-arch.o)
                0x00006880                leds_arch_set
 .any.text.rtimer_arch_init
                0x000068b8        0xe contiki-z1.a(rtimer-arch.o)
                0x000068b8                rtimer_arch_init
 .any.text.rtimer_arch_now
                0x000068c6        0xe contiki-z1.a(rtimer-arch.o)
                0x000068c6                rtimer_arch_now
 .any.text.rtimer_arch_schedule
                0x000068d4        0x6 contiki-z1.a(rtimer-arch.o)
                0x000068d4                rtimer_arch_schedule
 .any.text.autostart_start
                0x000068da       0x16 contiki-z1.a(autostart.o)
                0x000068da                autostart_start
 .any.text.process_thread_ctimer_process
                0x000068f0       0xa0 contiki-z1.a(ctimer.o)
 .any.text.ctimer_init
                0x00006990       0x18 contiki-z1.a(ctimer.o)
                0x00006990                ctimer_init
 .any.text.ctimer_set_with_process
                0x000069a8       0x4a contiki-z1.a(ctimer.o)
                0x000069a8                ctimer_set_with_process
 .any.text.ctimer_set
                0x000069f2       0x10 contiki-z1.a(ctimer.o)
                0x000069f2                ctimer_set
 .any.text.ctimer_reset
                0x00006a02       0x2c contiki-z1.a(ctimer.o)
                0x00006a02                ctimer_reset
 .any.text.ctimer_restart
                0x00006a2e       0x2c contiki-z1.a(ctimer.o)
                0x00006a2e                ctimer_restart
 .any.text.ctimer_stop
                0x00006a5a       0x28 contiki-z1.a(ctimer.o)
                0x00006a5a                ctimer_stop
 .any.text.energest_init
                0x00006a82       0x24 contiki-z1.a(energest.o)
                0x00006a82                energest_init
 .any.text.energest_type_time
                0x00006aa6       0x3c contiki-z1.a(energest.o)
                0x00006aa6                energest_type_time
 .any.text.energest_type_set
                0x00006ae2        0xc contiki-z1.a(energest.o)
                0x00006ae2                energest_type_set
 .any.text.energest_flush
                0x00006aee       0x38 contiki-z1.a(energest.o)
                0x00006aee                energest_flush
 .any.text.update_time
                0x00006b26       0x70 contiki-z1.a(etimer.o)
 .any.text.etimer_request_poll
                0x00006b96        0xa contiki-z1.a(etimer.o)
                0x00006b96                etimer_request_poll
 .any.text.process_thread_etimer_process
                0x00006ba0       0xc4 contiki-z1.a(etimer.o)
 .any.text.add_timer
                0x00006c64       0x40 contiki-z1.a(etimer.o)
 .any.text.etimer_set
                0x00006ca4       0x12 contiki-z1.a(etimer.o)
                0x00006ca4                etimer_set
 .any.text.etimer_reset
                0x00006cb6       0x12 contiki-z1.a(etimer.o)
                0x00006cb6                etimer_reset
 .any.text.etimer_restart
                0x00006cc8       0x12 contiki-z1.a(etimer.o)
                0x00006cc8                etimer_restart
 .any.text.etimer_expired
                0x00006cda        0xe contiki-z1.a(etimer.o)
                0x00006cda                etimer_expired
 .any.text.etimer_expiration_time
                0x00006ce8       0x14 contiki-z1.a(etimer.o)
                0x00006ce8                etimer_expiration_time
 .any.text.etimer_pending
                0x00006cfc        0xc contiki-z1.a(etimer.o)
                0x00006cfc                etimer_pending
 .any.text.etimer_next_expiration_time
                0x00006d08       0x16 contiki-z1.a(etimer.o)
                0x00006d08                etimer_next_expiration_time
 .any.text.etimer_stop
                0x00006d1e       0x3e contiki-z1.a(etimer.o)
                0x00006d1e                etimer_stop
 .any.text.call_process
                0x00006d5c       0x40 contiki-z1.a(process.o)
 .any.text.exit_process
                0x00006d9c       0x88 contiki-z1.a(process.o)
 .any.text.do_poll
                0x00006e24       0x30 contiki-z1.a(process.o)
 .any.text.process_alloc_event
                0x00006e54        0xe contiki-z1.a(process.o)
                0x00006e54                process_alloc_event
 .any.text.process_init
                0x00006e62       0x1c contiki-z1.a(process.o)
                0x00006e62                process_init
 .any.text.process_run
                0x00006e7e       0x8c contiki-z1.a(process.o)
                0x00006e7e                process_run
 .any.text.process_nevents
                0x00006f0a        0xe contiki-z1.a(process.o)
                0x00006f0a                process_nevents
 .any.text.process_post
                0x00006f18       0x4a contiki-z1.a(process.o)
                0x00006f18                process_post
 .any.text.process_post_synch
                0x00006f62       0x12 contiki-z1.a(process.o)
                0x00006f62                process_post_synch
 .any.text.process_start
                0x00006f74       0x36 contiki-z1.a(process.o)
                0x00006f74                process_start
 .any.text.process_poll
                0x00006faa       0x18 contiki-z1.a(process.o)
                0x00006faa                process_poll
 .any.text.rtimer_init
                0x00006fc2        0x6 contiki-z1.a(rtimer.o)
                0x00006fc2                rtimer_init
 .any.text.rtimer_set
                0x00006fc8       0x24 contiki-z1.a(rtimer.o)
                0x00006fc8                rtimer_set
 .any.text.rtimer_run_next
                0x00006fec       0x26 contiki-z1.a(rtimer.o)
                0x00006fec                rtimer_run_next
 .any.text.timer_set
                0x00007012       0x1c contiki-z1.a(timer.o)
                0x00007012                timer_set
 .any.text.timer_reset
                0x0000702e        0xe contiki-z1.a(timer.o)
                0x0000702e                timer_reset
 .any.text.timer_restart
                0x0000703c       0x14 contiki-z1.a(timer.o)
                0x0000703c                timer_restart
 .any.text.timer_expired
                0x00007050       0x2a contiki-z1.a(timer.o)
                0x00007050                timer_expired
 .any.text.list_init
                0x0000707a        0x6 contiki-z1.a(list.o)
                0x0000707a                list_init
 .any.text.list_head
                0x00007080        0x4 contiki-z1.a(list.o)
                0x00007080                list_head
 .any.text.list_tail
                0x00007084       0x12 contiki-z1.a(list.o)
                0x00007084                list_tail
 .any.text.list_remove
                0x00007096       0x34 contiki-z1.a(list.o)
                0x00007096                list_remove
 .any.text.list_push
                0x000070ca       0x16 contiki-z1.a(list.o)
                0x000070ca                list_push
 .any.text.list_add
                0x000070e0       0x26 contiki-z1.a(list.o)
                0x000070e0                list_add
 .any.text.list_length
                0x00007106       0x10 contiki-z1.a(list.o)
                0x00007106                list_length
 .any.text.list_item_next
                0x00007116        0xc contiki-z1.a(list.o)
                0x00007116                list_item_next
 .any.text.random_init
                0x00007122        0x6 contiki-z1.a(random.o)
                0x00007122                random_init
 .any.text.random_rand
                0x00007128        0x6 contiki-z1.a(random.o)
                0x00007128                random_rand
 .any.text.clear_fragments
                0x0000712e       0x38 contiki-z1.a(sicslowpan.o)
 .any.text.set_packet_attrs
                0x00007166       0x46 contiki-z1.a(sicslowpan.o)
 .any.text.addr_context_lookup_by_number
                0x000071ac       0x30 contiki-z1.a(sicslowpan.o)
 .any.text.compress_addr_64
                0x000071dc       0x9a contiki-z1.a(sicslowpan.o)
 .any.text.store_fragment
                0x00007276       0x6e contiki-z1.a(sicslowpan.o)
 .any.text.uncompress_addr
                0x000072e4       0x96 contiki-z1.a(sicslowpan.o)
 .any.text.sicslowpan_init
                0x0000737a       0x24 contiki-z1.a(sicslowpan.o)
                0x0000737a                sicslowpan_init
 .any.text.addr_context_lookup_by_prefix
                0x0000739e       0x4a contiki-z1.a(sicslowpan.o)
 .any.text.packet_sent
                0x000073e8       0x22 contiki-z1.a(sicslowpan.o)
 .any.text.add_fragment
                0x0000740a      0x160 contiki-z1.a(sicslowpan.o)
 .any.text.input
                0x0000756a      0x60e contiki-z1.a(sicslowpan.o)
 .any.text.send_packet
                0x00007b78       0x1a contiki-z1.a(sicslowpan.o)
 .any.text.output
                0x00007b92      0x67c contiki-z1.a(sicslowpan.o)
 .any.text.chksum
                0x0000820e       0x32 contiki-z1.a(uip6.o)
 .any.text.upper_layer_chksum
                0x00008240       0x56 contiki-z1.a(uip6.o)
 .any.text.ext_hdr_options_process
                0x00008296       0xc2 contiki-z1.a(uip6.o)
 .any.text.uip_add32
                0x00008358       0x60 contiki-z1.a(uip6.o)
                0x00008358                uip_add32
 .any.text.uip_add_rcv_nxt
                0x000083b8       0x2e contiki-z1.a(uip6.o)
 .any.text.uip_icmp6chksum
                0x000083e6        0xa contiki-z1.a(uip6.o)
                0x000083e6                uip_icmp6chksum
 .any.text.uip_tcpchksum
                0x000083f0        0xa contiki-z1.a(uip6.o)
                0x000083f0                uip_tcpchksum
 .any.text.uip_udpchksum
                0x000083fa        0xa contiki-z1.a(uip6.o)
                0x000083fa                uip_udpchksum
 .any.text.uip_init
                0x00008404       0x56 contiki-z1.a(uip6.o)
                0x00008404                uip_init
 .any.text.remove_ext_hdr
                0x0000845a       0x50 contiki-z1.a(uip6.o)
                0x0000845a                remove_ext_hdr
 .any.text.uip_unlisten
                0x000084aa       0x1a contiki-z1.a(uip6.o)
                0x000084aa                uip_unlisten
 .any.text.uip_process
                0x000084c4      0xd94 contiki-z1.a(uip6.o)
                0x000084c4                uip_process
 .any.text.uip_htonl
                0x00009258       0x2a contiki-z1.a(uip6.o)
                0x00009258                uip_htonl
 .any.text.uip_ds6_list_loop
                0x00009282       0x66 contiki-z1.a(uip-ds6.o)
                0x00009282                uip_ds6_list_loop
 .any.text.uip_ds6_prefix_add
                0x000092e8       0x70 contiki-z1.a(uip-ds6.o)
                0x000092e8                uip_ds6_prefix_add
 .any.text.uip_ds6_is_addr_onlink
                0x00009358       0x42 contiki-z1.a(uip-ds6.o)
                0x00009358                uip_ds6_is_addr_onlink
 .any.text.uip_ds6_addr_lookup
                0x0000939a       0x2a contiki-z1.a(uip-ds6.o)
                0x0000939a                uip_ds6_addr_lookup
 .any.text.uip_ds6_get_link_local
                0x000093c4       0x3e contiki-z1.a(uip-ds6.o)
                0x000093c4                uip_ds6_get_link_local
 .any.text.uip_ds6_maddr_add
                0x00009402       0x48 contiki-z1.a(uip-ds6.o)
                0x00009402                uip_ds6_maddr_add
 .any.text.uip_ds6_addr_add
                0x0000944a       0xb4 contiki-z1.a(uip-ds6.o)
                0x0000944a                uip_ds6_addr_add
 .any.text.uip_ds6_maddr_rm
                0x000094fe        0xa contiki-z1.a(uip-ds6.o)
                0x000094fe                uip_ds6_maddr_rm
 .any.text.uip_ds6_maddr_lookup
                0x00009508       0x2a contiki-z1.a(uip-ds6.o)
                0x00009508                uip_ds6_maddr_lookup
 .any.text.uip_ds6_addr_rm
                0x00009532       0x54 contiki-z1.a(uip-ds6.o)
                0x00009532                uip_ds6_addr_rm
 .any.text.uip_ds6_periodic
                0x00009586       0x46 contiki-z1.a(uip-ds6.o)
                0x00009586                uip_ds6_periodic
 .any.text.uip_ds6_set_addr_iid
                0x000095cc       0x14 contiki-z1.a(uip-ds6.o)
                0x000095cc                uip_ds6_set_addr_iid
 .any.text.get_match_length
                0x000095e0       0x3c contiki-z1.a(uip-ds6.o)
                0x000095e0                get_match_length
 .any.text.uip_ds6_select_src
                0x0000961c       0x9a contiki-z1.a(uip-ds6.o)
                0x0000961c                uip_ds6_select_src
 .any.text.uip_ds6_compute_reachable_time
                0x000096b6       0x36 contiki-z1.a(uip-ds6.o)
                0x000096b6                uip_ds6_compute_reachable_time
 .any.text.uip_ds6_init
                0x000096ec      0x138 contiki-z1.a(uip-ds6.o)
                0x000096ec                uip_ds6_init
 .any.text.uip_ds6_nbr_rm
                0x00009824       0x1e contiki-z1.a(uip-ds6-nbr.o)
                0x00009824                uip_ds6_nbr_rm
 .any.text.uip_ds6_neighbors_init
                0x00009842       0x12 contiki-z1.a(uip-ds6-nbr.o)
                0x00009842                uip_ds6_neighbors_init
 .any.text.uip_ds6_nbr_add
                0x00009854       0x36 contiki-z1.a(uip-ds6-nbr.o)
                0x00009854                uip_ds6_nbr_add
 .any.text.uip_ds6_nbr_get_ll
                0x0000988a        0xc contiki-z1.a(uip-ds6-nbr.o)
                0x0000988a                uip_ds6_nbr_get_ll
 .any.text.uip_ds6_nbr_lookup
                0x00009896       0x3e contiki-z1.a(uip-ds6-nbr.o)
                0x00009896                uip_ds6_nbr_lookup
 .any.text.uip_ds6_nbr_ll_lookup
                0x000098d4        0xc contiki-z1.a(uip-ds6-nbr.o)
                0x000098d4                uip_ds6_nbr_ll_lookup
 .any.text.uip_ds6_nbr_ipaddr_from_lladdr
                0x000098e0        0x6 contiki-z1.a(uip-ds6-nbr.o)
                0x000098e0                uip_ds6_nbr_ipaddr_from_lladdr
 .any.text.uip_ds6_nbr_lladdr_from_ipaddr
                0x000098e6       0x12 contiki-z1.a(uip-ds6-nbr.o)
                0x000098e6                uip_ds6_nbr_lladdr_from_ipaddr
 .any.text.uip_ds6_link_neighbor_callback
                0x000098f8       0x32 contiki-z1.a(uip-ds6-nbr.o)
                0x000098f8                uip_ds6_link_neighbor_callback
 .any.text.call_route_callback
                0x0000992a       0x40 contiki-z1.a(uip-ds6-route.o)
 .any.text.uip_ds6_route_init
                0x0000996a       0x36 contiki-z1.a(uip-ds6-route.o)
                0x0000996a                uip_ds6_route_init
 .any.text.uip_ds6_route_nexthop
                0x000099a0       0x1a contiki-z1.a(uip-ds6-route.o)
                0x000099a0                uip_ds6_route_nexthop
 .any.text.uip_ds6_route_head
                0x000099ba        0xa contiki-z1.a(uip-ds6-route.o)
                0x000099ba                uip_ds6_route_head
 .any.text.uip_ds6_route_next
                0x000099c4        0xe contiki-z1.a(uip-ds6-route.o)
                0x000099c4                uip_ds6_route_next
 .any.text.uip_ds6_route_is_nexthop
                0x000099d2       0x22 contiki-z1.a(uip-ds6-route.o)
                0x000099d2                uip_ds6_route_is_nexthop
 .any.text.uip_ds6_route_lookup
                0x000099f4       0x6e contiki-z1.a(uip-ds6-route.o)
                0x000099f4                uip_ds6_route_lookup
 .any.text.uip_ds6_route_rm
                0x00009a62       0xa2 contiki-z1.a(uip-ds6-route.o)
                0x00009a62                uip_ds6_route_rm
 .any.text.rm_routelist
                0x00009b04       0x34 contiki-z1.a(uip-ds6-route.o)
 .any.text.rm_routelist_callback
                0x00009b38        0x6 contiki-z1.a(uip-ds6-route.o)
 .any.text.uip_ds6_route_add
                0x00009b3e       0xfc contiki-z1.a(uip-ds6-route.o)
                0x00009b3e                uip_ds6_route_add
 .any.text.uip_ds6_defrt_rm
                0x00009c3a       0x44 contiki-z1.a(uip-ds6-route.o)
                0x00009c3a                uip_ds6_defrt_rm
 .any.text.uip_ds6_defrt_lookup
                0x00009c7e       0x32 contiki-z1.a(uip-ds6-route.o)
                0x00009c7e                uip_ds6_defrt_lookup
 .any.text.uip_ds6_defrt_add
                0x00009cb0       0x68 contiki-z1.a(uip-ds6-route.o)
                0x00009cb0                uip_ds6_defrt_add
 .any.text.uip_ds6_defrt_choose
                0x00009d18       0x36 contiki-z1.a(uip-ds6-route.o)
                0x00009d18                uip_ds6_defrt_choose
 .any.text.uip_ds6_defrt_periodic
                0x00009d4e       0x38 contiki-z1.a(uip-ds6-route.o)
                0x00009d4e                uip_ds6_defrt_periodic
 .any.text.echo_reply_input
                0x00009d86       0xaa contiki-z1.a(uip-icmp6.o)
 .any.text.echo_request_input
                0x00009e30       0xca contiki-z1.a(uip-icmp6.o)
 .any.text.uip_icmp6_input
                0x00009efa       0x44 contiki-z1.a(uip-icmp6.o)
                0x00009efa                uip_icmp6_input
 .any.text.uip_icmp6_register_input_handler
                0x00009f3e        0xc contiki-z1.a(uip-icmp6.o)
                0x00009f3e                uip_icmp6_register_input_handler
 .any.text.uip_icmp6_error_output
                0x00009f4a      0x16e contiki-z1.a(uip-icmp6.o)
                0x00009f4a                uip_icmp6_error_output
 .any.text.uip_icmp6_send
                0x0000a0b8       0x84 contiki-z1.a(uip-icmp6.o)
                0x0000a0b8                uip_icmp6_send
 .any.text.uip_icmp6_init
                0x0000a13c       0x12 contiki-z1.a(uip-icmp6.o)
                0x0000a13c                uip_icmp6_init
 .any.text.ns_input
                0x0000a14e      0x264 contiki-z1.a(uip-nd6.o)
 .any.text.uip_nd6_init
                0x0000a3b2        0xa contiki-z1.a(uip-nd6.o)
                0x0000a3b2                uip_nd6_init
 .any.text.start_periodic_tcp_timer
                0x0000a3bc       0x16 contiki-z1.a(tcpip.o)
 .any.text.tcpip_output
                0x0000a3d2       0x10 contiki-z1.a(tcpip.o)
                0x0000a3d2                tcpip_output
 .any.text.tcpip_set_outputfunc
                0x0000a3e2        0x6 contiki-z1.a(tcpip.o)
                0x0000a3e2                tcpip_set_outputfunc
 .any.text.tcpip_input
                0x0000a3e8       0x16 contiki-z1.a(tcpip.o)
                0x0000a3e8                tcpip_input
 .any.text.tcpip_ipv6_output
                0x0000a3fe       0xcc contiki-z1.a(tcpip.o)
                0x0000a3fe                tcpip_ipv6_output
 .any.text.process_thread_tcpip_process
                0x0000a4ca      0x1a8 contiki-z1.a(tcpip.o)
 .any.text.tcpip_uipcall
                0x0000a672       0x62 contiki-z1.a(tcpip.o)
                0x0000a672                tcpip_uipcall
 .any.text.uip_debug_ipaddr_print
                0x0000a6d4       0xbc contiki-z1.a(uip-debug.o)
                0x0000a6d4                uip_debug_ipaddr_print
 .any.text.rpl_get_mode
                0x0000a790        0x6 contiki-z1.a(rpl.o)
                0x0000a790                rpl_get_mode
 .any.text.rpl_purge_routes
                0x0000a796       0x94 contiki-z1.a(rpl.o)
                0x0000a796                rpl_purge_routes
 .any.text.rpl_remove_routes
                0x0000a82a       0x22 contiki-z1.a(rpl.o)
                0x0000a82a                rpl_remove_routes
 .any.text.rpl_remove_routes_by_nexthop
                0x0000a84c       0x3e contiki-z1.a(rpl.o)
                0x0000a84c                rpl_remove_routes_by_nexthop
 .any.text.rpl_add_route
                0x0000a88a       0x5c contiki-z1.a(rpl.o)
                0x0000a88a                rpl_add_route
 .any.text.rpl_link_neighbor_callback
                0x0000a8e6       0x4c contiki-z1.a(rpl.o)
                0x0000a8e6                rpl_link_neighbor_callback
 .any.text.rpl_ipv6_neighbor_callback
                0x0000a932       0x1e contiki-z1.a(rpl.o)
                0x0000a932                rpl_ipv6_neighbor_callback
 .any.text.rpl_purge_dags
                0x0000a950       0x60 contiki-z1.a(rpl.o)
                0x0000a950                rpl_purge_dags
 .any.text.rpl_init
                0x0000a9b0       0x44 contiki-z1.a(rpl.o)
                0x0000a9b0                rpl_init
 .any.text.lollipop_greater_than
                0x0000a9f4       0x3c contiki-z1.a(rpl-dag.o)
 .any.text.find_parent_any_dag_any_instance
                0x0000aa30       0x14 contiki-z1.a(rpl-dag.o)
 .any.text.rpl_set_preferred_parent
                0x0000aa44       0x2c contiki-z1.a(rpl-dag.o)
 .any.text.set_ip_from_prefix
                0x0000aa70       0x30 contiki-z1.a(rpl-dag.o)
 .any.text.check_prefix
                0x0000aaa0       0x70 contiki-z1.a(rpl-dag.o)
 .any.text.rpl_dag_init
                0x0000ab10        0xe contiki-z1.a(rpl-dag.o)
                0x0000ab10                rpl_dag_init
 .any.text.rpl_get_parent
                0x0000ab1e        0xc contiki-z1.a(rpl-dag.o)
                0x0000ab1e                rpl_get_parent
 .any.text.rpl_rank_via_parent
                0x0000ab2a       0x2a contiki-z1.a(rpl-dag.o)
                0x0000ab2a                rpl_rank_via_parent
 .any.text.rpl_get_parent_lladdr
                0x0000ab54        0xc contiki-z1.a(rpl-dag.o)
                0x0000ab54                rpl_get_parent_lladdr
 .any.text.rpl_get_parent_ipaddr
                0x0000ab60        0xa contiki-z1.a(rpl-dag.o)
                0x0000ab60                rpl_get_parent_ipaddr
 .any.text.rpl_get_parent_link_stats
                0x0000ab6a        0xa contiki-z1.a(rpl-dag.o)
                0x0000ab6a                rpl_get_parent_link_stats
 .any.text.rpl_parent_is_fresh
                0x0000ab74        0xa contiki-z1.a(rpl-dag.o)
                0x0000ab74                rpl_parent_is_fresh
 .any.text.best_parent
                0x0000ab7e       0x72 contiki-z1.a(rpl-dag.o)
 .any.text.rpl_parent_is_reachable
                0x0000abf0       0x4a contiki-z1.a(rpl-dag.o)
                0x0000abf0                rpl_parent_is_reachable
 .any.text.rpl_set_prefix
                0x0000ac3a       0x74 contiki-z1.a(rpl-dag.o)
                0x0000ac3a                rpl_set_prefix
 .any.text.rpl_set_default_route
                0x0000acae       0x3a contiki-z1.a(rpl-dag.o)
                0x0000acae                rpl_set_default_route
 .any.text.rpl_alloc_instance
                0x0000ace8       0x34 contiki-z1.a(rpl-dag.o)
                0x0000ace8                rpl_alloc_instance
 .any.text.rpl_add_parent
                0x0000ad1c       0x3a contiki-z1.a(rpl-dag.o)
                0x0000ad1c                rpl_add_parent
 .any.text.rpl_find_parent
                0x0000ad56       0x1a contiki-z1.a(rpl-dag.o)
                0x0000ad56                rpl_find_parent
 .any.text.rpl_find_parent_any_dag
                0x0000ad70       0x22 contiki-z1.a(rpl-dag.o)
                0x0000ad70                rpl_find_parent_any_dag
 .any.text.rpl_select_parent
                0x0000ad92       0x62 contiki-z1.a(rpl-dag.o)
                0x0000ad92                rpl_select_parent
 .any.text.rpl_select_dag
                0x0000adf4      0x192 contiki-z1.a(rpl-dag.o)
                0x0000adf4                rpl_select_dag
 .any.text.rpl_nullify_parent
                0x0000af86       0x5c contiki-z1.a(rpl-dag.o)
                0x0000af86                rpl_nullify_parent
 .any.text.rpl_remove_parent
                0x0000afe2       0x16 contiki-z1.a(rpl-dag.o)
                0x0000afe2                rpl_remove_parent
 .any.text.nbr_callback
                0x0000aff8        0x6 contiki-z1.a(rpl-dag.o)
 .any.text.remove_parents.constprop.4
                0x0000affe       0x2c contiki-z1.a(rpl-dag.o)
 .any.text.rpl_free_dag
                0x0000b02a       0x42 contiki-z1.a(rpl-dag.o)
                0x0000b02a                rpl_free_dag
 .any.text.rpl_move_parent
                0x0000b06c       0x60 contiki-z1.a(rpl-dag.o)
                0x0000b06c                rpl_move_parent
 .any.text.rpl_get_dag
                0x0000b0cc       0x5c contiki-z1.a(rpl-dag.o)
                0x0000b0cc                rpl_get_dag
 .any.text.rpl_get_any_dag
                0x0000b128       0x16 contiki-z1.a(rpl-dag.o)
                0x0000b128                rpl_get_any_dag
 .any.text.rpl_get_instance
                0x0000b13e       0x16 contiki-z1.a(rpl-dag.o)
                0x0000b13e                rpl_get_instance
 .any.text.rpl_alloc_dag
                0x0000b154       0x60 contiki-z1.a(rpl-dag.o)
                0x0000b154                rpl_alloc_dag
 .any.text.rpl_repair_root
                0x0000b1b4       0x4c contiki-z1.a(rpl-dag.o)
                0x0000b1b4                rpl_repair_root
 .any.text.rpl_find_of
                0x0000b200       0x10 contiki-z1.a(rpl-dag.o)
                0x0000b200                rpl_find_of
 .any.text.rpl_join_instance
                0x0000b210      0x142 contiki-z1.a(rpl-dag.o)
                0x0000b210                rpl_join_instance
 .any.text.rpl_local_repair
                0x0000b352       0x82 contiki-z1.a(rpl-dag.o)
                0x0000b352                rpl_local_repair
 .any.text.rpl_process_parent_event
                0x0000b3d4       0xa8 contiki-z1.a(rpl-dag.o)
                0x0000b3d4                rpl_process_parent_event
 .any.text.rpl_recalculate_ranks
                0x0000b47c       0x44 contiki-z1.a(rpl-dag.o)
                0x0000b47c                rpl_recalculate_ranks
 .any.text.rpl_add_dag
                0x0000b4c0      0x104 contiki-z1.a(rpl-dag.o)
                0x0000b4c0                rpl_add_dag
 .any.text.rpl_process_dio
                0x0000b5c4      0x32c contiki-z1.a(rpl-dag.o)
                0x0000b5c4                rpl_process_dio
 .any.text.update_hbh_header
                0x0000b8f0       0xcc contiki-z1.a(rpl-ext-header.)
 .any.text.insert_hbh_header
                0x0000b9bc       0x94 contiki-z1.a(rpl-ext-header.)
 .any.text.rpl_verify_hbh_header
                0x0000ba50       0xf4 contiki-z1.a(rpl-ext-header.)
                0x0000ba50                rpl_verify_hbh_header
 .any.text.rpl_remove_header
                0x0000bb44       0x76 contiki-z1.a(rpl-ext-header.)
                0x0000bb44                rpl_remove_header
 .any.text.rpl_update_header
                0x0000bbba       0x60 contiki-z1.a(rpl-ext-header.)
                0x0000bbba                rpl_update_header
 .any.text.get32
                0x0000bc1a       0x3e contiki-z1.a(rpl-icmp6.o)
 .any.text.set32
                0x0000bc58       0x2a contiki-z1.a(rpl-icmp6.o)
 .any.text.get16
                0x0000bc82        0xe contiki-z1.a(rpl-icmp6.o)
 .any.text.set16
                0x0000bc90       0x10 contiki-z1.a(rpl-icmp6.o)
 .any.text.dao_ack_input
                0x0000bca0        0xa contiki-z1.a(rpl-icmp6.o)
 .any.text.dio_input
                0x0000bcaa      0x280 contiki-z1.a(rpl-icmp6.o)
 .any.text.rpl_icmp6_update_nbr_table
                0x0000bf2a       0x28 contiki-z1.a(rpl-icmp6.o)
                0x0000bf2a                rpl_icmp6_update_nbr_table
 .any.text.dao_input
                0x0000bf52      0x2c2 contiki-z1.a(rpl-icmp6.o)
 .any.text.dis_output
                0x0000c214       0x50 contiki-z1.a(rpl-icmp6.o)
                0x0000c214                dis_output
 .any.text.dio_output
                0x0000c264      0x24c contiki-z1.a(rpl-icmp6.o)
                0x0000c264                dio_output
 .any.text.dis_input
                0x0000c4b0       0x3e contiki-z1.a(rpl-icmp6.o)
 .any.text.dao_output_target
                0x0000c4ee       0xf6 contiki-z1.a(rpl-icmp6.o)
                0x0000c4ee                dao_output_target
 .any.text.dao_output
                0x0000c5e4       0x9e contiki-z1.a(rpl-icmp6.o)
                0x0000c5e4                dao_output
 .any.text.rpl_icmp6_register_handlers
                0x0000c682       0x22 contiki-z1.a(rpl-icmp6.o)
                0x0000c682                rpl_icmp6_register_handlers
 .any.text.reset
                0x0000c6a4        0x2 contiki-z1.a(rpl-mrhof.o)
 .any.text.update_metric_container
                0x0000c6a6        0x6 contiki-z1.a(rpl-mrhof.o)
 .any.text.parent_link_metric
                0x0000c6ac       0x10 contiki-z1.a(rpl-mrhof.o)
 .any.text.parent_has_usable_link
                0x0000c6bc       0x14 contiki-z1.a(rpl-mrhof.o)
 .any.text.best_dag
                0x0000c6d0       0x2e contiki-z1.a(rpl-mrhof.o)
 .any.text.parent_path_cost
                0x0000c6fe       0x40 contiki-z1.a(rpl-mrhof.o)
 .any.text.parent_is_acceptable
                0x0000c73e       0x2a contiki-z1.a(rpl-mrhof.o)
 .any.text.rank_via_parent
                0x0000c768       0x4e contiki-z1.a(rpl-mrhof.o)
 .any.text.best_parent
                0x0000c7b6       0x76 contiki-z1.a(rpl-mrhof.o)
 .any.text.handle_unicast_dio_timer
                0x0000c82c       0x1c contiki-z1.a(rpl-timers.o)
 .any.text.new_dio_interval
                0x0000c848       0x8a contiki-z1.a(rpl-timers.o)
 .any.text.set_dao_lifetime_timer
                0x0000c8d2       0x7e contiki-z1.a(rpl-timers.o)
 .any.text.handle_periodic_timer
                0x0000c950       0x50 contiki-z1.a(rpl-timers.o)
 .any.text.schedule_dao
                0x0000c9a0       0x72 contiki-z1.a(rpl-timers.o)
 .any.text.handle_dio_timer
                0x0000ca12       0x88 contiki-z1.a(rpl-timers.o)
 .any.text.handle_dao_timer
                0x0000ca9a       0x64 contiki-z1.a(rpl-timers.o)
 .any.text.rpl_reset_periodic_timer
                0x0000cafe       0x54 contiki-z1.a(rpl-timers.o)
                0x0000cafe                rpl_reset_periodic_timer
 .any.text.rpl_reset_dio_timer
                0x0000cb52       0x18 contiki-z1.a(rpl-timers.o)
                0x0000cb52                rpl_reset_dio_timer
 .any.text.rpl_schedule_dao
                0x0000cb6a        0xc contiki-z1.a(rpl-timers.o)
                0x0000cb6a                rpl_schedule_dao
 .any.text.rpl_schedule_unicast_dio_immediately
                0x0000cb76       0x16 contiki-z1.a(rpl-timers.o)
                0x0000cb76                rpl_schedule_unicast_dio_immediately
 .any.text.get_probing_delay
                0x0000cb8c       0x40 contiki-z1.a(rpl-timers.o)
                0x0000cb8c                get_probing_delay
 .any.text.get_probing_target
                0x0000cbcc       0xe2 contiki-z1.a(rpl-timers.o)
                0x0000cbcc                get_probing_target
 .any.text.rpl_schedule_probing
                0x0000ccae       0x26 contiki-z1.a(rpl-timers.o)
                0x0000ccae                rpl_schedule_probing
 .any.text.handle_probing_timer
                0x0000ccd4       0x34 contiki-z1.a(rpl-timers.o)
 .any.text.linkaddr_copy
                0x0000cd08        0x8 contiki-z1.a(linkaddr.o)
                0x0000cd08                linkaddr_copy
 .any.text.linkaddr_cmp
                0x0000cd10       0x12 contiki-z1.a(linkaddr.o)
                0x0000cd10                linkaddr_cmp
 .any.text.linkaddr_set_node_addr
                0x0000cd22        0xc contiki-z1.a(linkaddr.o)
                0x0000cd22                linkaddr_set_node_addr
 .any.text.key_from_index
                0x0000cd2e       0x18 contiki-z1.a(nbr-table.o)
 .any.text.item_from_index
                0x0000cd46       0x2a contiki-z1.a(nbr-table.o)
 .any.text.index_from_key
                0x0000cd70       0x26 contiki-z1.a(nbr-table.o)
 .any.text.index_from_item
                0x0000cd96       0x1e contiki-z1.a(nbr-table.o)
 .any.text.nbr_set_bit
                0x0000cdb4       0x50 contiki-z1.a(nbr-table.o)
 .any.text.index_from_lladdr
                0x0000ce04       0x3e contiki-z1.a(nbr-table.o)
 .any.text.nbr_get_bit.constprop.0
                0x0000ce42       0x2c contiki-z1.a(nbr-table.o)
 .any.text.remove_key
                0x0000ce6e       0x56 contiki-z1.a(nbr-table.o)
 .any.text.nbr_table_register
                0x0000cec4       0x26 contiki-z1.a(nbr-table.o)
                0x0000cec4                nbr_table_register
 .any.text.nbr_table_next
                0x0000ceea       0x3a contiki-z1.a(nbr-table.o)
                0x0000ceea                nbr_table_next
 .any.text.nbr_table_head
                0x0000cf24       0x36 contiki-z1.a(nbr-table.o)
                0x0000cf24                nbr_table_head
 .any.text.nbr_table_add_lladdr
                0x0000cf5a       0xfc contiki-z1.a(nbr-table.o)
                0x0000cf5a                nbr_table_add_lladdr
 .any.text.nbr_table_get_from_lladdr
                0x0000d056       0x28 contiki-z1.a(nbr-table.o)
                0x0000d056                nbr_table_get_from_lladdr
 .any.text.nbr_table_remove
                0x0000d07e       0x2a contiki-z1.a(nbr-table.o)
                0x0000d07e                nbr_table_remove
 .any.text.nbr_table_lock
                0x0000d0a8       0x10 contiki-z1.a(nbr-table.o)
                0x0000d0a8                nbr_table_lock
 .any.text.nbr_table_unlock
                0x0000d0b8       0x10 contiki-z1.a(nbr-table.o)
                0x0000d0b8                nbr_table_unlock
 .any.text.nbr_table_get_lladdr
                0x0000d0c8       0x14 contiki-z1.a(nbr-table.o)
                0x0000d0c8                nbr_table_get_lladdr
 .any.text.nbr_table_update_lladdr
                0x0000d0dc       0x48 contiki-z1.a(nbr-table.o)
                0x0000d0dc                nbr_table_update_lladdr
 .any.text.packetbuf_hdrreduce
                0x0000d124       0x1a contiki-z1.a(packetbuf.o)
                0x0000d124                packetbuf_hdrreduce
 .any.text.packetbuf_set_datalen
                0x0000d13e        0x6 contiki-z1.a(packetbuf.o)
                0x0000d13e                packetbuf_set_datalen
 .any.text.packetbuf_hdrptr
                0x0000d144        0x6 contiki-z1.a(packetbuf.o)
                0x0000d144                packetbuf_hdrptr
 .any.text.packetbuf_datalen
                0x0000d14a        0x6 contiki-z1.a(packetbuf.o)
                0x0000d14a                packetbuf_datalen
 .any.text.packetbuf_hdrlen
                0x0000d150        0xa contiki-z1.a(packetbuf.o)
                0x0000d150                packetbuf_hdrlen
 .any.text.packetbuf_dataptr
                0x0000d15a        0xc contiki-z1.a(packetbuf.o)
                0x0000d15a                packetbuf_dataptr
 .any.text.packetbuf_copyto
                0x0000d166       0x3a contiki-z1.a(packetbuf.o)
                0x0000d166                packetbuf_copyto
 .any.text.packetbuf_totlen
                0x0000d1a0        0xc contiki-z1.a(packetbuf.o)
                0x0000d1a0                packetbuf_totlen
 .any.text.packetbuf_hdralloc
                0x0000d1ac       0x3c contiki-z1.a(packetbuf.o)
                0x0000d1ac                packetbuf_hdralloc
 .any.text.packetbuf_attr_clear
                0x0000d1e8       0x28 contiki-z1.a(packetbuf.o)
                0x0000d1e8                packetbuf_attr_clear
 .any.text.packetbuf_clear
                0x0000d210       0x12 contiki-z1.a(packetbuf.o)
                0x0000d210                packetbuf_clear
 .any.text.packetbuf_copyfrom
                0x0000d222       0x2a contiki-z1.a(packetbuf.o)
                0x0000d222                packetbuf_copyfrom
 .any.text.packetbuf_attr_copyto
                0x0000d24c       0x22 contiki-z1.a(packetbuf.o)
                0x0000d24c                packetbuf_attr_copyto
 .any.text.packetbuf_attr_copyfrom
                0x0000d26e       0x24 contiki-z1.a(packetbuf.o)
                0x0000d26e                packetbuf_attr_copyfrom
 .any.text.packetbuf_holds_broadcast
                0x0000d292        0xe contiki-z1.a(packetbuf.o)
                0x0000d292                packetbuf_holds_broadcast
 .any.text.queuebuf_init
                0x0000d2a0       0x12 contiki-z1.a(queuebuf.o)
                0x0000d2a0                queuebuf_init
 .any.text.queuebuf_numfree
                0x0000d2b2        0xa contiki-z1.a(queuebuf.o)
                0x0000d2b2                queuebuf_numfree
 .any.text.queuebuf_new_from_packetbuf
                0x0000d2bc       0x4e contiki-z1.a(queuebuf.o)
                0x0000d2bc                queuebuf_new_from_packetbuf
 .any.text.queuebuf_update_attr_from_packetbuf
                0x0000d30a       0x12 contiki-z1.a(queuebuf.o)
                0x0000d30a                queuebuf_update_attr_from_packetbuf
 .any.text.queuebuf_update_from_packetbuf
                0x0000d31c       0x22 contiki-z1.a(queuebuf.o)
                0x0000d31c                queuebuf_update_from_packetbuf
 .any.text.queuebuf_free
                0x0000d33e       0x2a contiki-z1.a(queuebuf.o)
                0x0000d33e                queuebuf_free
 .any.text.queuebuf_to_packetbuf
                0x0000d368       0x32 contiki-z1.a(queuebuf.o)
                0x0000d368                queuebuf_to_packetbuf
 .any.text.queuebuf_attr
                0x0000d39a        0xe contiki-z1.a(queuebuf.o)
                0x0000d39a                queuebuf_attr
 .any.text.input_packet
                0x0000d3a8        0x6 contiki-z1.a(csma.o)
 .any.text.on   0x0000d3ae        0x6 contiki-z1.a(csma.o)
 .any.text.off  0x0000d3b4        0x6 contiki-z1.a(csma.o)
 .any.text.channel_check_interval
                0x0000d3ba       0x10 contiki-z1.a(csma.o)
 .any.text.transmit_packet_list
                0x0000d3ca       0x24 contiki-z1.a(csma.o)
 .any.text.schedule_transmission
                0x0000d3ee       0x84 contiki-z1.a(csma.o)
 .any.text.init
                0x0000d472       0x1a contiki-z1.a(csma.o)
 .any.text.tx_done
                0x0000d48c       0x86 contiki-z1.a(csma.o)
 .any.text.send_packet
                0x0000d512      0x158 contiki-z1.a(csma.o)
 .any.text.packet_sent
                0x0000d66a       0xca contiki-z1.a(csma.o)
 .any.text.create_frame.isra.0
                0x0000d734      0x114 contiki-z1.a(framer-802154.o)
 .any.text.create
                0x0000d848        0x8 contiki-z1.a(framer-802154.o)
 .any.text.hdr_length
                0x0000d850        0x8 contiki-z1.a(framer-802154.o)
 .any.text.parse
                0x0000d858       0x9a contiki-z1.a(framer-802154.o)
 .any.text.mac_call_sent_callback
                0x0000d8f2       0x14 contiki-z1.a(mac.o)
                0x0000d8f2                mac_call_sent_callback
 .any.text.duty_cycle
                0x0000d906        0x6 contiki-z1.a(contikimac.o)
 .any.text.init
                0x0000d90c       0x2a contiki-z1.a(contikimac.o)
 .any.text.on   0x0000d936       0x1a contiki-z1.a(contikimac.o)
 .any.text.off  0x0000d950       0x22 contiki-z1.a(contikimac.o)
 .any.text.recv_burst_off
                0x0000d972        0xa contiki-z1.a(contikimac.o)
 .any.text.powercycle_turn_radio_off
                0x0000d97c       0x14 contiki-z1.a(contikimac.o)
 .any.text.turn_off
                0x0000d990       0x20 contiki-z1.a(contikimac.o)
 .any.text.turn_on
                0x0000d9b0       0x30 contiki-z1.a(contikimac.o)
 .any.text.schedule_powercycle_fixed.part.5
                0x0000d9e0       0x32 contiki-z1.a(contikimac.o)
 .any.text.input_packet
                0x0000da12       0x94 contiki-z1.a(contikimac.o)
 .any.text.send_packet.isra.8
                0x0000daa6      0x1d8 contiki-z1.a(contikimac.o)
 .any.text.qsend_list
                0x0000dc7e       0xbe contiki-z1.a(contikimac.o)
 .any.text.qsend_packet
                0x0000dd3c       0x28 contiki-z1.a(contikimac.o)
 .any.text.powercycle_wrapper
                0x0000dd64      0x1c2 contiki-z1.a(contikimac.o)
 .any.text.init
                0x0000df26        0x2 contiki-z1.a(nullsec.o)
 .any.text.send
                0x0000df28        0xa contiki-z1.a(nullsec.o)
 .any.text.input
                0x0000df32        0x6 contiki-z1.a(nullsec.o)
 .any.text.update_nbr
                0x0000df38       0xda contiki-z1.a(rpl-nbr-policy.)
 .any.text.handle_periodic_timer
                0x0000e012        0xe contiki-z1.a(rpl-nbr-policy.)
 .any.text.find_removable_dis
                0x0000e020       0x16 contiki-z1.a(rpl-nbr-policy.)
                0x0000e020                find_removable_dis
 .any.text.find_removable_dio
                0x0000e036       0x3c contiki-z1.a(rpl-nbr-policy.)
                0x0000e036                find_removable_dio
 .any.text.find_removable_dao
                0x0000e072       0x34 contiki-z1.a(rpl-nbr-policy.)
                0x0000e072                find_removable_dao
 .any.text.rpl_nbr_policy_find_removable
                0x0000e0a6       0x30 contiki-z1.a(rpl-nbr-policy.)
                0x0000e0a6                rpl_nbr_policy_find_removable
 .any.text.periodic
                0x0000e0d6       0x2c contiki-z1.a(link-stats.o)
 .any.text.link_stats_from_lladdr
                0x0000e102        0xc contiki-z1.a(link-stats.o)
                0x0000e102                link_stats_from_lladdr
 .any.text.link_stats_is_fresh
                0x0000e10e       0x32 contiki-z1.a(link-stats.o)
                0x0000e10e                link_stats_is_fresh
 .any.text.link_stats_packet_sent
                0x0000e140       0xc4 contiki-z1.a(link-stats.o)
                0x0000e140                link_stats_packet_sent
 .any.text.link_stats_input_callback
                0x0000e204       0xa8 contiki-z1.a(link-stats.o)
                0x0000e204                link_stats_input_callback
 .any.text.link_stats_init
                0x0000e2ac       0x22 contiki-z1.a(link-stats.o)
                0x0000e2ac                link_stats_init
 .any.text.status
                0x0000e2ce       0x18 contiki-z1.a(button-sensor.o)
 .any.text.value
                0x0000e2e6       0x20 contiki-z1.a(button-sensor.o)
 .any.text.configure
                0x0000e306       0x4e contiki-z1.a(button-sensor.o)
 .any.text.stimer_set
                0x0000e354       0x1c contiki-z1.a(stimer.o)
                0x0000e354                stimer_set
 .any.text.stimer_expired
                0x0000e370       0x30 contiki-z1.a(stimer.o)
                0x0000e370                stimer_expired
 .any.text.memb_init
                0x0000e3a0       0x36 contiki-z1.a(memb.o)
                0x0000e3a0                memb_init
 .any.text.memb_alloc
                0x0000e3d6       0x3e contiki-z1.a(memb.o)
                0x0000e3d6                memb_alloc
 .any.text.memb_free
                0x0000e414       0x3a contiki-z1.a(memb.o)
                0x0000e414                memb_free
 .any.text.memb_inmemb
                0x0000e44e       0x2a contiki-z1.a(memb.o)
                0x0000e44e                memb_inmemb
 .any.text.memb_numfree
                0x0000e478       0x26 contiki-z1.a(memb.o)
                0x0000e478                memb_numfree
 .any.text.frame802154_get_pan_id
                0x0000e49e        0x6 contiki-z1.a(frame802154.o)
                0x0000e49e                frame802154_get_pan_id
 .any.text.frame802154_has_panid
                0x0000e4a4       0xe0 contiki-z1.a(frame802154.o)
                0x0000e4a4                frame802154_has_panid
 .any.text.field_len
                0x0000e584       0xa8 contiki-z1.a(frame802154.o)
 .any.text.frame802154_is_broadcast_addr
                0x0000e62c       0x28 contiki-z1.a(frame802154.o)
                0x0000e62c                frame802154_is_broadcast_addr
 .any.text.frame802154_hdrlen
                0x0000e654       0x32 contiki-z1.a(frame802154.o)
                0x0000e654                frame802154_hdrlen
 .any.text.frame802154_create_fcf
                0x0000e686       0x6e contiki-z1.a(frame802154.o)
                0x0000e686                frame802154_create_fcf
 .any.text.frame802154_create
                0x0000e6f4       0xd4 contiki-z1.a(frame802154.o)
                0x0000e6f4                frame802154_create
 .any.text.frame802154_parse_fcf
                0x0000e7c8       0x8c contiki-z1.a(frame802154.o)
                0x0000e7c8                frame802154_parse_fcf
 .any.text.frame802154_parse
                0x0000e854      0x15c contiki-z1.a(frame802154.o)
                0x0000e854                frame802154_parse
 .any.text.mac_sequence_is_duplicate
                0x0000e9b0       0x60 contiki-z1.a(mac-sequence.o)
                0x0000e9b0                mac_sequence_is_duplicate
 .any.text.mac_sequence_register_seqno
                0x0000ea10       0x76 contiki-z1.a(mac-sequence.o)
                0x0000ea10                mac_sequence_register_seqno

.rodata         0x0000ea88      0x5dd
                0x0000ea88                . = ALIGN (0x2)
 *(.rodata .rodata.* .gnu.linkonce.r.*)
 .rodata.routing_recv_broadcast
                0x0000ea88        0x3 sensor_node.co
 .rodata.options_sent_runicast
                0x0000ea8b       0x31 sensor_node.co
 .rodata.data_timedout_runicast
                0x0000eabc       0x42 sensor_node.co
 .rodata.data_sent_runicast
                0x0000eafe       0x2f sensor_node.co
 .rodata.send_packet
                0x0000eb2d        0x3 sensor_node.co
 .rodata.process_thread_sensor_node_process
                0x0000eb30        0x4 sensor_node.co
 .rodata.options_recv_runicast
                0x0000eb34       0x38 sensor_node.co
 .rodata.data_recv_runicast
                0x0000eb6c       0x4b sensor_node.co
 .rodata.routing_recv_runicast
                0x0000ebb7       0x30 sensor_node.co
 .rodata.options_timedout_runicast
                0x0000ebe7       0x7c sensor_node.co
 .rodata.routing_timedout_runicast
                0x0000ec63       0x36 sensor_node.co
 *fill*         0x0000ec99        0x1 00
 .rodata.autostart_processes
                0x0000ec9a        0x4 sensor_node.co
                0x0000ec9a                autostart_processes
 .rodata        0x0000ec9e       0x1b sensor_node.co
 *fill*         0x0000ecb9        0x1 00
 .rodata.routing_runicast_callbacks
                0x0000ecba        0xc sensor_node.co
 .rodata.data_runicast_callbacks
                0x0000ecc6        0xc sensor_node.co
 .rodata.options_runicast_callbacks
                0x0000ecd2        0xc sensor_node.co
 .rodata.broadcast_callbacks
                0x0000ecde        0x8 sensor_node.co
 .rodata        0x0000ece6      0x118 obj_z1/contiki-z1-main.o
 *fill*         0x0000edfe        0x2 00
 .rodata.get_value
                0x0000ee00       0x44 contiki-z1.a(cc2420.o)
 .rodata.set_value
                0x0000ee44       0x20 contiki-z1.a(cc2420.o)
 .rodata.cc2420_driver
                0x0000ee64       0x38 contiki-z1.a(cc2420.o)
                0x0000ee64                cc2420_driver
 .rodata        0x0000ee9c        0xe contiki-z1.a(cc2420.o)
 .rodata.output_power
                0x0000eeaa       0x10 contiki-z1.a(cc2420.o)
 .rodata        0x0000eeba        0x8 contiki-z1.a(sensors.o)
 .rodata        0x0000eec2        0xe contiki-z1.a(tmp102.o)
 .rodata.tmp102
                0x0000eed0        0xe contiki-z1.a(tmp102.o)
                0x0000eed0                tmp102
 .rodata        0x0000eede       0x25 contiki-z1.a(adxl345.o)
 *fill*         0x0000ef03        0x1 00
 .rodata.adxl345
                0x0000ef04        0xe contiki-z1.a(adxl345.o)
                0x0000ef04                adxl345
 .rodata        0x0000ef12        0xf contiki-z1.a(ctimer.o)
 .rodata        0x0000ef21        0xc contiki-z1.a(etimer.o)
 .rodata        0x0000ef2d        0xb contiki-z1.a(sicslowpan.o)
 .rodata.sicslowpan_driver
                0x0000ef38        0xa contiki-z1.a(sicslowpan.o)
                0x0000ef38                sicslowpan_driver
 .rodata.llprefix
                0x0000ef42        0x2 contiki-z1.a(sicslowpan.o)
                0x0000ef42                llprefix
 .rodata.unc_mxconf
                0x0000ef44        0x4 contiki-z1.a(sicslowpan.o)
                0x0000ef44                unc_mxconf
 .rodata.unc_ctxconf
                0x0000ef48        0x4 contiki-z1.a(sicslowpan.o)
                0x0000ef48                unc_ctxconf
 .rodata.unc_llconf
                0x0000ef4c        0x4 contiki-z1.a(sicslowpan.o)
                0x0000ef4c                unc_llconf
 .rodata.ttl_values
                0x0000ef50        0x4 contiki-z1.a(sicslowpan.o)
 .rodata.uip_process
                0x0000ef54       0x40 contiki-z1.a(uip6.o)
 .rodata        0x0000ef94        0xd contiki-z1.a(tcpip.o)
 .rodata.uip_debug_ipaddr_print
                0x0000efa1       0x28 contiki-z1.a(uip-debug.o)
 *fill*         0x0000efc9        0x1 00
 .rodata.linkaddr_null
                0x0000efca        0x8 contiki-z1.a(linkaddr.o)
                0x0000efca                linkaddr_null
 .rodata        0x0000efd2        0x5 contiki-z1.a(csma.o)
 *fill*         0x0000efd7        0x1 00
 .rodata.csma_driver
                0x0000efd8       0x1a contiki-z1.a(csma.o)
                0x0000efd8                csma_driver
 .rodata.framer_802154
                0x0000eff2        0xc contiki-z1.a(framer-802154.o)
                0x0000eff2                framer_802154
 .rodata        0x0000effe        0xb contiki-z1.a(contikimac.o)
 *fill*         0x0000f009        0x1 00
 .rodata.contikimac_driver
                0x0000f00a       0x1e contiki-z1.a(contikimac.o)
                0x0000f00a                contikimac_driver
 .rodata        0x0000f028        0x8 contiki-z1.a(nullsec.o)
 .rodata.nullsec_driver
                0x0000f030        0xe contiki-z1.a(nullsec.o)
                0x0000f030                nullsec_driver
 .rodata        0x0000f03e        0x7 contiki-z1.a(button-sensor.o)
 *fill*         0x0000f045        0x1 00
 .rodata.button_sensor
                0x0000f046        0xe contiki-z1.a(button-sensor.o)
                0x0000f046                button_sensor
 .rodata.CSWTCH.16
                0x0000f054        0x2 contiki-z1.a(frame802154.o)
 .rodata        0x0000f056        0x8 /usr/local/msp430/bin/../lib/gcc/msp430/4.7.0/mcpu-430x/mmpy-16/msr20/mc20/libgcc.a(_thenan_sf.o)
                0x0000f056                __thenan_sf
 .rodata.vuprintf
                0x0000f05e        0x7 /usr/local/msp430/bin/../lib/gcc/msp430/4.7.0/../../../../msp430/lib/mcpu-430x/mmpy-16/msr20/mc20/libc.a(vuprintf.o)
 *(.near.rodata .near.rodata.*)
                0x0000f066                . = ALIGN (0x2)
                0x0000f066                _etext = .

.data           0x00001100      0x150 load address 0x0000f066
                0x00001100                . = ALIGN (0x2)
                0x00001100                __data_start = .
 *(.data .data.* .gnu.linkonce.d.*)
 .data.sensor_node_process
                0x00001100        0xc sensor_node.co
                0x00001100                sensor_node_process
 .data.cur_break
                0x0000110c        0x2 contiki-z1.a(msp430.o)
 .data.cc2420_process
                0x0000110e        0xc contiki-z1.a(cc2420.o)
                0x0000110e                cc2420_process
 .data.send_on_cca
                0x0000111a        0x1 contiki-z1.a(cc2420.o)
 *fill*         0x0000111b        0x1 00
 .data.sensors_process
                0x0000111c        0xc contiki-z1.a(sensors.o)
                0x0000111c                sensors_process
 .data.prescale_lsb
                0x00001128        0x1 contiki-z1.a(i2cmaster.o)
                0x00001128                prescale_lsb
 *fill*         0x00001129        0x1 00
 .data.accmeter_process
                0x0000112a        0xc contiki-z1.a(adxl345.o)
                0x0000112a                accmeter_process
 .data.adxl345_default_settings
                0x00001136       0x16 contiki-z1.a(adxl345.o)
 .data.ctimer_process
                0x0000114c        0xc contiki-z1.a(ctimer.o)
                0x0000114c                ctimer_process
 .data.etimer_process
                0x00001158        0xc contiki-z1.a(etimer.o)
                0x00001158                etimer_process
 .data.ds6_neighbors
                0x00001164        0x2 contiki-z1.a(uip-ds6-nbr.o)
                0x00001164                ds6_neighbors
 .data.ds6_neighbors_struct
                0x00001166        0xa contiki-z1.a(uip-ds6-nbr.o)
 .data.nbr_routes
                0x00001170        0x2 contiki-z1.a(uip-ds6-route.o)
                0x00001170                nbr_routes
 .data.routememb
                0x00001172        0x8 contiki-z1.a(uip-ds6-route.o)
 .data.defaultroutermemb
                0x0000117a        0x8 contiki-z1.a(uip-ds6-route.o)
 .data.neighborroutememb
                0x00001182        0x8 contiki-z1.a(uip-ds6-route.o)
 .data.nbr_routes_struct
                0x0000118a        0xa contiki-z1.a(uip-ds6-route.o)
 .data.echo_request_handler
                0x00001194        0x8 contiki-z1.a(uip-icmp6.o)
 .data.echo_reply_handler
                0x0000119c        0x8 contiki-z1.a(uip-icmp6.o)
 .data.ns_input_handler
                0x000011a4        0x8 contiki-z1.a(uip-nd6.o)
 .data.tcpip_process
                0x000011ac        0xc contiki-z1.a(tcpip.o)
                0x000011ac                tcpip_process
 .data.rpl_parents
                0x000011b8        0x2 contiki-z1.a(rpl-dag.o)
                0x000011b8                rpl_parents
 .data.rpl_parents_struct
                0x000011ba        0xa contiki-z1.a(rpl-dag.o)
 .data.dao_sequence
                0x000011c4        0x1 contiki-z1.a(rpl-icmp6.o)
 *fill*         0x000011c5        0x1 00
 .data.dis_handler
                0x000011c6        0x8 contiki-z1.a(rpl-icmp6.o)
 .data.dio_handler
                0x000011ce        0x8 contiki-z1.a(rpl-icmp6.o)
 .data.dao_handler
                0x000011d6        0x8 contiki-z1.a(rpl-icmp6.o)
 .data.dao_ack_handler
                0x000011de        0x8 contiki-z1.a(rpl-icmp6.o)
 .data.rpl_mrhof
                0x000011e6       0x22 contiki-z1.a(rpl-mrhof.o)
                0x000011e6                rpl_mrhof
 .data.neighbor_addr_mem
                0x00001208        0x8 contiki-z1.a(nbr-table.o)
 .data.buframmem
                0x00001210        0x8 contiki-z1.a(queuebuf.o)
 .data.bufmem   0x00001218        0x8 contiki-z1.a(queuebuf.o)
 .data.neighbor_memb
                0x00001220        0x8 contiki-z1.a(csma.o)
 .data.packet_memb
                0x00001228        0x8 contiki-z1.a(csma.o)
 .data.metadata_memb
                0x00001230        0x8 contiki-z1.a(csma.o)
 .data.sensors  0x00001238        0x8 contiki-z1.a(z1-sensors.o)
                0x00001238                sensors
 .data.link_stats_struct
                0x00001240        0xa contiki-z1.a(link-stats.o)
 .data.mac_pan_id
                0x0000124a        0x2 contiki-z1.a(frame802154.o)